Archive member included to satisfy reference by file (symbol)

/usr/lib/gcc/arm-none-eabi/13.2.1/thumb/v6-m/nofp/libgcc.a(_dvmd_tls.o)
                              CMakeFiles/microphone_matrix.dir/home/pedro/Downloads/BitDogLab-C/pico-sdk/src/rp2_common/pico_divider/divider_hardware.S.o (__aeabi_idiv0)
/usr/lib/gcc/arm-none-eabi/13.2.1/../../../arm-none-eabi/lib/thumb/v6-m/nofp/libg.a(libc_a-strncmp.o)
                              CMakeFiles/microphone_matrix.dir/home/pedro/Downloads/BitDogLab-C/pico-sdk/lib/lwip/src/core/def.c.o (strncmp)
/usr/lib/gcc/arm-none-eabi/13.2.1/../../../arm-none-eabi/lib/thumb/v6-m/nofp/libg.a(libc_a-memmove.o)
                              CMakeFiles/microphone_matrix.dir/home/pedro/Downloads/BitDogLab-C/pico-sdk/lib/lwip/src/core/def.c.o (memmove)
/usr/lib/gcc/arm-none-eabi/13.2.1/../../../arm-none-eabi/lib/thumb/v6-m/nofp/libg.a(libc_a-calloc.o)
                              CMakeFiles/microphone_matrix.dir/home/pedro/Downloads/BitDogLab-C/pico-sdk/src/rp2_common/pico_malloc/malloc.c.o (calloc)
/usr/lib/gcc/arm-none-eabi/13.2.1/../../../arm-none-eabi/lib/thumb/v6-m/nofp/libg.a(libc_a-impure.o)
                              /usr/lib/gcc/arm-none-eabi/13.2.1/../../../arm-none-eabi/lib/thumb/v6-m/nofp/libg.a(libc_a-calloc.o) (_impure_ptr)
/usr/lib/gcc/arm-none-eabi/13.2.1/../../../arm-none-eabi/lib/thumb/v6-m/nofp/libg.a(libc_a-callocr.o)
                              /usr/lib/gcc/arm-none-eabi/13.2.1/../../../arm-none-eabi/lib/thumb/v6-m/nofp/libg.a(libc_a-calloc.o) (_calloc_r)
/usr/lib/gcc/arm-none-eabi/13.2.1/../../../arm-none-eabi/lib/thumb/v6-m/nofp/libg.a(libc_a-realloc.o)
                              CMakeFiles/microphone_matrix.dir/home/pedro/Downloads/BitDogLab-C/pico-sdk/src/rp2_common/pico_malloc/malloc.c.o (realloc)
/usr/lib/gcc/arm-none-eabi/13.2.1/../../../arm-none-eabi/lib/thumb/v6-m/nofp/libg.a(libc_a-mallocr.o)
                              /usr/lib/gcc/arm-none-eabi/13.2.1/../../../arm-none-eabi/lib/thumb/v6-m/nofp/libg.a(libc_a-callocr.o) (_malloc_r)
/usr/lib/gcc/arm-none-eabi/13.2.1/../../../arm-none-eabi/lib/thumb/v6-m/nofp/libg.a(libc_a-freer.o)
                              /usr/lib/gcc/arm-none-eabi/13.2.1/../../../arm-none-eabi/lib/thumb/v6-m/nofp/libg.a(libc_a-mallocr.o) (_free_r)
/usr/lib/gcc/arm-none-eabi/13.2.1/../../../arm-none-eabi/lib/thumb/v6-m/nofp/libg.a(libc_a-memcmp.o)
                              CMakeFiles/microphone_matrix.dir/home/pedro/Downloads/BitDogLab-C/pico-sdk/src/rp2_common/pico_atomic/atomic.c.o (memcmp)
/usr/lib/gcc/arm-none-eabi/13.2.1/../../../arm-none-eabi/lib/thumb/v6-m/nofp/libg.a(libc_a-atoi.o)
                              CMakeFiles/microphone_matrix.dir/home/pedro/Downloads/BitDogLab-C/pico-sdk/lib/lwip/src/core/netif.c.o (atoi)
/usr/lib/gcc/arm-none-eabi/13.2.1/../../../arm-none-eabi/lib/thumb/v6-m/nofp/libg.a(libc_a-strtol.o)
                              /usr/lib/gcc/arm-none-eabi/13.2.1/../../../arm-none-eabi/lib/thumb/v6-m/nofp/libg.a(libc_a-atoi.o) (_strtol_r)
/usr/lib/gcc/arm-none-eabi/13.2.1/../../../arm-none-eabi/lib/thumb/v6-m/nofp/libg.a(libc_a-malloc.o)
                              CMakeFiles/microphone_matrix.dir/home/pedro/Downloads/BitDogLab-C/pico-sdk/src/rp2_common/pico_malloc/malloc.c.o (malloc)
/usr/lib/gcc/arm-none-eabi/13.2.1/../../../arm-none-eabi/lib/thumb/v6-m/nofp/libg.a(libc_a-sysconf.o)
                              /usr/lib/gcc/arm-none-eabi/13.2.1/../../../arm-none-eabi/lib/thumb/v6-m/nofp/libg.a(libc_a-mallocr.o) (sysconf)
/usr/lib/gcc/arm-none-eabi/13.2.1/../../../arm-none-eabi/lib/thumb/v6-m/nofp/libg.a(libc_a-init.o)
                              /usr/lib/gcc/arm-none-eabi/13.2.1/../../../arm-none-eabi/lib/thumb/v6-m/nofp/crt0.o (__libc_init_array)
/usr/lib/gcc/arm-none-eabi/13.2.1/../../../arm-none-eabi/lib/thumb/v6-m/nofp/libg.a(libc_a-reallocr.o)
                              /usr/lib/gcc/arm-none-eabi/13.2.1/../../../arm-none-eabi/lib/thumb/v6-m/nofp/libg.a(libc_a-realloc.o) (_realloc_r)
/usr/lib/gcc/arm-none-eabi/13.2.1/../../../arm-none-eabi/lib/thumb/v6-m/nofp/libg.a(libc_a-mktime.o)
                              CMakeFiles/microphone_matrix.dir/home/pedro/Downloads/BitDogLab-C/pico-sdk/src/common/pico_util/datetime.c.o (mktime)
/usr/lib/gcc/arm-none-eabi/13.2.1/../../../arm-none-eabi/lib/thumb/v6-m/nofp/libg.a(libc_a-mlock.o)
                              /usr/lib/gcc/arm-none-eabi/13.2.1/../../../arm-none-eabi/lib/thumb/v6-m/nofp/libg.a(libc_a-mallocr.o) (__malloc_lock)
/usr/lib/gcc/arm-none-eabi/13.2.1/../../../arm-none-eabi/lib/thumb/v6-m/nofp/libg.a(libc_a-findfp.o)
                              /usr/lib/gcc/arm-none-eabi/13.2.1/../../../arm-none-eabi/lib/thumb/v6-m/nofp/libg.a(libc_a-impure.o) (__sf)
/usr/lib/gcc/arm-none-eabi/13.2.1/../../../arm-none-eabi/lib/thumb/v6-m/nofp/libg.a(libc_a-tzlock.o)
                              /usr/lib/gcc/arm-none-eabi/13.2.1/../../../arm-none-eabi/lib/thumb/v6-m/nofp/libg.a(libc_a-mktime.o) (__tz_lock)
[...]
Memory Configuration

Name             Origin             Length             Attributes
FLASH            0x10000000         0x00200000         xr
RAM              0x20000000         0x00040000         xrw
SCRATCH_X        0x20040000         0x00001000         xrw
SCRATCH_Y        0x20041000         0x00001000         xrw
*default*        0x00000000         0xffffffff

Linker script and memory map

LOAD /usr/lib/gcc/arm-none-eabi/13.2.1/thumb/v6-m/nofp/crti.o
LOAD /usr/lib/gcc/arm-none-eabi/13.2.1/thumb/v6-m/nofp/crtbegin.o
LOAD /usr/lib/gcc/arm-none-eabi/13.2.1/../../../arm-none-eabi/lib/thumb/v6-m/nofp/crt0.o

.flash_begin    0x10000000        0x0
                0x10000000                        __flash_binary_start = .

.boot2          0x10000000      0x100
                0x10000000                        __boot2_start__ = .
 *(.boot2)
 .boot2         0x10000000      0x100 pico-sdk/src/rp2040/boot_stage2/CMakeFiles/bs2_default_library.dir/bs2_default_padded_checksummed.S.o
                0x10000100                        __boot2_end__ = .
                0x00000001                        ASSERT (((__boot2_end__ - __boot2_start__) == 0x100), ERROR: Pico second stage bootloader must be 256 bytes in size)

.text           0x10000100    0x18528
                0x10000100                        __logical_binary_start = .
 *(.vectors)
 .vectors       0x10000100       0xd4 CMakeFiles/microphone_matrix.dir/home/pedro/Downloads/BitDogLab-C/pico-sdk/src/rp2_common/pico_crt0/crt0.S.o
                0x10000100                __vectors
                0x10000100                __VECTOR_TABLE
                0x100001c0                isr_invalid
                0x100001c0                __default_isrs_start
                0x100001c2                isr_nmi
                0x100001c4                isr_hardfault
                0x100001c6                isr_svcall
                0x100001c8                isr_pendsv
                0x100001ca                isr_systick
                0x100001cc                isr_irq30
                0x100001cc                __unhandled_user_irq
                0x100001cc                isr_irq13
                0x100001cc                isr_irq27
                0x100001cc                isr_irq31
                0x100001cc                isr_irq5
                0x100001cc                isr_irq11
                0x100001cc                isr_irq23
                0x100001cc                isr_irq18
                0x100001cc                isr_irq28
                0x100001cc                isr_irq19
                0x100001cc                isr_irq0
                0x100001cc                isr_irq6
                0x100001cc                isr_irq22
                0x100001cc                isr_irq17
                0x100001cc                isr_irq14
                0x100001cc                isr_irq2
                0x100001cc                isr_irq10
                0x100001cc                isr_irq8
                0x100001cc                isr_irq24
                0x100001cc                isr_irq1
                0x100001cc                isr_irq7
                0x100001cc                isr_irq21
                0x100001cc                isr_irq20
                0x100001cc                isr_irq15
                0x100001cc                isr_irq25
                0x100001cc                isr_irq4
                0x100001cc                isr_irq16
                0x100001cc                isr_irq29
                0x100001cc                isr_irq26
                0x100001cc                __default_isrs_end
                0x100001cc                isr_irq3
                0x100001cc                isr_irq12
                0x100001cc                isr_irq9
                0x100001d2                unhandled_user_irq_num_in_r0
 *(.binary_info_header)
 .binary_info_header
                0x100001d4       0x14 CMakeFiles/microphone_matrix.dir/home/pedro/Downloads/BitDogLab-C/pico-sdk/src/rp2_common/pico_crt0/crt0.S.o
                0x100001e8                        __binary_info_header_end = .
 *(.embedded_block)
                0x100001e8                        __embedded_block_end = .
 *(.reset)
 .reset         0x100001e8       0x9c CMakeFiles/microphone_matrix.dir/home/pedro/Downloads/BitDogLab-C/pico-sdk/src/rp2_common/pico_crt0/crt0.S.o
                0x100001e8                _entry_point
 *(.init)
 .init          0x10000284        0x4 /usr/lib/gcc/arm-none-eabi/13.2.1/thumb/v6-m/nofp/crti.o
                0x10000284                _init
 *(EXCLUDE_FILE(*libm.a: *libc.a:*lib_a-mem*.o *libgcc.a:) .text*)
 .text          0x10000288       0x98 /usr/lib/gcc/arm-none-eabi/13.2.1/thumb/v6-m/nofp/crtbegin.o
 .text.ws2818b_program_init
                0x10000320       0xdc CMakeFiles/microphone_matrix.dir/microphone_matrix.c.o
                0x10000320                ws2818b_program_init
 .text.npInit   0x100003fc       0xf0 CMakeFiles/microphone_matrix.dir/microphone_matrix.c.o
                0x100003fc                npInit
 .text.npWrite  0x100004ec       0x68 CMakeFiles/microphone_matrix.dir/microphone_matrix.c.o
                0x100004ec                npWrite
 .text.pwm_init_buzzer
                0x10000554       0x6c CMakeFiles/microphone_matrix.dir/microphone_matrix.c.o
                0x10000554                pwm_init_buzzer
 .text.send_alert
                0x100005c0      0x1b4 CMakeFiles/microphone_matrix.dir/microphone_matrix.c.o
                0x100005c0                send_alert
 .text.startup.main
                0x10000774      0x69c CMakeFiles/microphone_matrix.dir/microphone_matrix.c.o
                0x10000774                main
 .text.calculate_render_area_buffer_length
                0x10000e10       0x18 CMakeFiles/microphone_matrix.dir/inc/ssd1306_i2c.c.o
                0x10000e10                calculate_render_area_buffer_length
 .text.ssd1306_init
                0x10000e28       0x58 CMakeFiles/microphone_matrix.dir/inc/ssd1306_i2c.c.o
                0x10000e28                ssd1306_init
 .text.render_on_display
                0x10000e80       0x98 CMakeFiles/microphone_matrix.dir/inc/ssd1306_i2c.c.o
                0x10000e80                render_on_display
 .text.ssd1306_draw_string
                0x10000f18       0xd8 CMakeFiles/microphone_matrix.dir/inc/ssd1306_i2c.c.o
                0x10000f18                ssd1306_draw_string
 .text.gpio_set_function
                0x10000ff0       0x34 CMakeFiles/microphone_matrix.dir/home/pedro/Downloads/BitDogLab-C/pico-sdk/src/rp2_common/hardware_gpio/gpio.c.o
                0x10000ff0                gpio_set_function
 .text.gpio_set_pulls
                0x10001024       0x28 CMakeFiles/microphone_matrix.dir/home/pedro/Downloads/BitDogLab-C/pico-sdk/src/rp2_common/hardware_gpio/gpio.c.o
                0x10001024                gpio_set_pulls
 .text.gpio_set_input_hysteresis_enabled
                0x1000104c       0x28 CMakeFiles/microphone_matrix.dir/home/pedro/Downloads/BitDogLab-C/pico-sdk/src/rp2_common/hardware_gpio/gpio.c.o
                0x1000104c                gpio_set_input_hysteresis_enabled
 .text.gpio_set_irq_enabled
                0x10001074       0x58 CMakeFiles/microphone_matrix.dir/home/pedro/Downloads/BitDogLab-C/pico-sdk/src/rp2_common/hardware_gpio/gpio.c.o
                0x10001074                gpio_set_irq_enabled
 .text.gpio_add_raw_irq_handler_with_order_priority_masked
                0x100010cc       0x44 CMakeFiles/microphone_matrix.dir/home/pedro/Downloads/BitDogLab-C/pico-sdk/src/rp2_common/hardware_gpio/gpio.c.o
                0x100010cc                gpio_add_raw_irq_handler_with_order_priority_masked
 .text.gpio_remove_raw_irq_handler_masked
                0x10001110       0x20 CMakeFiles/microphone_matrix.dir/home/pedro/Downloads/BitDogLab-C/pico-sdk/src/rp2_common/hardware_gpio/gpio.c.o
                0x10001110                gpio_remove_raw_irq_handler_masked
 .text.gpio_set_input_enabled
                0x10001130       0x28 CMakeFiles/microphone_matrix.dir/home/pedro/Downloads/BitDogLab-C/pico-sdk/src/rp2_common/hardware_gpio/gpio.c.o
                0x10001130                gpio_set_input_enabled
 .text.gpio_init
                0x10001158       0x40 CMakeFiles/microphone_matrix.dir/home/pedro/Downloads/BitDogLab-C/pico-sdk/src/rp2_common/hardware_gpio/gpio.c.o
                0x10001158                gpio_init
 .text.rp2040_chip_version
                0x10001198        0xc CMakeFiles/microphone_matrix.dir/home/pedro/Downloads/BitDogLab-C/pico-sdk/src/rp2040/pico_platform/platform.c.o
                0x10001198                rp2040_chip_version
 .text.panic    0x100011a4       0x30 CMakeFiles/microphone_matrix.dir/home/pedro/Downloads/BitDogLab-C/pico-sdk/src/rp2_common/pico_platform_panic/panic.c.o
                0x100011a4                panic
 .text.hw_claim_lock
                0x100011d4       0x18 CMakeFiles/microphone_matrix.dir/home/pedro/Downloads/BitDogLab-C/pico-sdk/src/common/hardware_claim/claim.c.o
                0x100011d4                hw_claim_lock
 .text.hw_claim_unlock
                0x100011ec       0x14 CMakeFiles/microphone_matrix.dir/home/pedro/Downloads/BitDogLab-C/pico-sdk/src/common/hardware_claim/claim.c.o
                0x100011ec                hw_claim_unlock
 .text.hw_claim_or_assert
                0x10001200       0x44 CMakeFiles/microphone_matrix.dir/home/pedro/Downloads/BitDogLab-C/pico-sdk/src/common/hardware_claim/claim.c.o
                0x10001200                hw_claim_or_assert
 .text.hw_claim_unused_from_range
                0x10001244       0x9c CMakeFiles/microphone_matrix.dir/home/pedro/Downloads/BitDogLab-C/pico-sdk/src/common/hardware_claim/claim.c.o
                0x10001244                hw_claim_unused_from_range
 .text.hw_claim_clear
                0x100012e0       0x38 CMakeFiles/microphone_matrix.dir/home/pedro/Downloads/BitDogLab-C/pico-sdk/src/common/hardware_claim/claim.c.o
                0x100012e0                hw_claim_clear
 .text.next_striped_spin_lock_num
                0x10001318       0x18 CMakeFiles/microphone_matrix.dir/home/pedro/Downloads/BitDogLab-C/pico-sdk/src/rp2_common/hardware_sync/sync.c.o
                0x10001318                next_striped_spin_lock_num
 .text.spin_lock_claim_unused
                0x10001330       0x24 CMakeFiles/microphone_matrix.dir/home/pedro/Downloads/BitDogLab-C/pico-sdk/src/rp2_common/hardware_sync/sync.c.o
                0x10001330                spin_lock_claim_unused
 .text.spin_locks_reset
                0x10001354       0x1c CMakeFiles/microphone_matrix.dir/home/pedro/Downloads/BitDogLab-C/pico-sdk/src/rp2_common/hardware_sync_spin_lock/sync_spin_lock.c.o
                0x10001354                spin_locks_reset
 .text.runtime_init_per_core_irq_priorities
                0x10001370       0x24 CMakeFiles/microphone_matrix.dir/home/pedro/Downloads/BitDogLab-C/pico-sdk/src/rp2_common/hardware_irq/irq.c.o
                0x10001370                runtime_init_per_core_irq_priorities
 .text.irq_set_enabled
                0x10001394       0x24 CMakeFiles/microphone_matrix.dir/home/pedro/Downloads/BitDogLab-C/pico-sdk/src/rp2_common/hardware_irq/irq.c.o
                0x10001394                irq_set_enabled
 .text.irq_is_enabled
                0x100013b8       0x18 CMakeFiles/microphone_matrix.dir/home/pedro/Downloads/BitDogLab-C/pico-sdk/src/rp2_common/hardware_irq/irq.c.o
                0x100013b8                irq_is_enabled
 .text.irq_set_pending
                0x100013d0       0x10 CMakeFiles/microphone_matrix.dir/home/pedro/Downloads/BitDogLab-C/pico-sdk/src/rp2_common/hardware_irq/irq.c.o
                0x100013d0                irq_set_pending
 .text.irq_has_shared_handler
                0x100013e0       0x24 CMakeFiles/microphone_matrix.dir/home/pedro/Downloads/BitDogLab-C/pico-sdk/src/rp2_common/hardware_irq/irq.c.o
                0x100013e0                irq_has_shared_handler
 .text.irq_set_exclusive_handler
                0x10001404       0x54 CMakeFiles/microphone_matrix.dir/home/pedro/Downloads/BitDogLab-C/pico-sdk/src/rp2_common/hardware_irq/irq.c.o
                0x10001404                irq_set_exclusive_handler
 .text.irq_add_shared_handler
                0x10001458      0x1f4 CMakeFiles/microphone_matrix.dir/home/pedro/Downloads/BitDogLab-C/pico-sdk/src/rp2_common/hardware_irq/irq.c.o
                0x10001458                irq_add_shared_handler
 .text.irq_remove_handler
                0x1000164c      0x1d4 CMakeFiles/microphone_matrix.dir/home/pedro/Downloads/BitDogLab-C/pico-sdk/src/rp2_common/hardware_irq/irq.c.o
                0x1000164c                irq_remove_handler
 .text.irq_set_priority
                0x10001820       0x28 CMakeFiles/microphone_matrix.dir/home/pedro/Downloads/BitDogLab-C/pico-sdk/src/rp2_common/hardware_irq/irq.c.o
                0x10001820                irq_set_priority
 .text.irq_add_tail_to_free_list
                0x10001848       0xb4 CMakeFiles/microphone_matrix.dir/home/pedro/Downloads/BitDogLab-C/pico-sdk/src/rp2_common/hardware_irq/irq.c.o
                0x10001848                irq_add_tail_to_free_list
 .text.user_irq_unclaim
                0x100018fc       0x14 CMakeFiles/microphone_matrix.dir/home/pedro/Downloads/BitDogLab-C/pico-sdk/src/rp2_common/hardware_irq/irq.c.o
                0x100018fc                user_irq_unclaim
 .text.user_irq_claim_unused
                0x10001910       0x2c CMakeFiles/microphone_matrix.dir/home/pedro/Downloads/BitDogLab-C/pico-sdk/src/rp2_common/hardware_irq/irq.c.o
                0x10001910                user_irq_claim_unused
 .text.sem_init
                0x1000193c       0x20 CMakeFiles/microphone_matrix.dir/home/pedro/Downloads/BitDogLab-C/pico-sdk/src/common/pico_sync/sem.c.o
                0x1000193c                sem_init
 .text.lock_init
                0x1000195c       0x10 CMakeFiles/microphone_matrix.dir/home/pedro/Downloads/BitDogLab-C/pico-sdk/src/common/pico_sync/lock_core.c.o
                0x1000195c                lock_init
 .text.runtime_init_mutex
                0x1000196c       0x50 CMakeFiles/microphone_matrix.dir/home/pedro/Downloads/BitDogLab-C/pico-sdk/src/common/pico_sync/mutex.c.o
                0x1000196c                runtime_init_mutex
 .text.mutex_init
                0x100019bc       0x1c CMakeFiles/microphone_matrix.dir/home/pedro/Downloads/BitDogLab-C/pico-sdk/src/common/pico_sync/mutex.c.o
                0x100019bc                mutex_init
 .text.recursive_mutex_init
                0x100019d8       0x1c CMakeFiles/microphone_matrix.dir/home/pedro/Downloads/BitDogLab-C/pico-sdk/src/common/pico_sync/mutex.c.o
                0x100019d8                recursive_mutex_init
 .text.critical_section_init
                0x100019f4       0x1c CMakeFiles/microphone_matrix.dir/home/pedro/Downloads/BitDogLab-C/pico-sdk/src/common/pico_sync/critical_section.c.o
                0x100019f4                critical_section_init
 .text.critical_section_init_with_lock_num
                0x10001a10       0x14 CMakeFiles/microphone_matrix.dir/home/pedro/Downloads/BitDogLab-C/pico-sdk/src/common/pico_sync/critical_section.c.o
                0x10001a10                critical_section_init_with_lock_num
 .text.sleep_until_callback
                0x10001a24       0x30 CMakeFiles/microphone_matrix.dir/home/pedro/Downloads/BitDogLab-C/pico-sdk/src/common/pico_time/time.c.o
 .text.alarm_pool_irq_handler
                0x10001a54      0x2fc CMakeFiles/microphone_matrix.dir/home/pedro/Downloads/BitDogLab-C/pico-sdk/src/common/pico_time/time.c.o
 .text.runtime_init_default_alarm_pool
                0x10001d50       0xdc CMakeFiles/microphone_matrix.dir/home/pedro/Downloads/BitDogLab-C/pico-sdk/src/common/pico_time/time.c.o
                0x10001d50                runtime_init_default_alarm_pool
 .text.alarm_pool_get_default
                0x10001e2c        0x8 CMakeFiles/microphone_matrix.dir/home/pedro/Downloads/BitDogLab-C/pico-sdk/src/common/pico_time/time.c.o
                0x10001e2c                alarm_pool_get_default
 .text.alarm_pool_add_alarm_at
                0x10001e34       0xd4 CMakeFiles/microphone_matrix.dir/home/pedro/Downloads/BitDogLab-C/pico-sdk/src/common/pico_time/time.c.o
                0x10001e34                alarm_pool_add_alarm_at
 .text.alarm_pool_add_alarm_at_force_in_context
                0x10001f08       0xb0 CMakeFiles/microphone_matrix.dir/home/pedro/Downloads/BitDogLab-C/pico-sdk/src/common/pico_time/time.c.o
                0x10001f08                alarm_pool_add_alarm_at_force_in_context
 .text.alarm_pool_cancel_alarm
                0x10001fb8       0x74 CMakeFiles/microphone_matrix.dir/home/pedro/Downloads/BitDogLab-C/pico-sdk/src/common/pico_time/time.c.o
                0x10001fb8                alarm_pool_cancel_alarm
 .text.alarm_pool_core_num
                0x1000202c        0x4 CMakeFiles/microphone_matrix.dir/home/pedro/Downloads/BitDogLab-C/pico-sdk/src/common/pico_time/time.c.o
                0x1000202c                alarm_pool_core_num
 .text.sleep_until
                0x10002030       0xd8 CMakeFiles/microphone_matrix.dir/home/pedro/Downloads/BitDogLab-C/pico-sdk/src/common/pico_time/time.c.o
                0x10002030                sleep_until
 .text.sleep_us
                0x10002108       0x28 CMakeFiles/microphone_matrix.dir/home/pedro/Downloads/BitDogLab-C/pico-sdk/src/common/pico_time/time.c.o
                0x10002108                sleep_us
 .text.sleep_ms
                0x10002130       0x38 CMakeFiles/microphone_matrix.dir/home/pedro/Downloads/BitDogLab-C/pico-sdk/src/common/pico_time/time.c.o
                0x10002130                sleep_ms
 .text.best_effort_wfe_or_timeout
                0x10002168       0xf8 CMakeFiles/microphone_matrix.dir/home/pedro/Downloads/BitDogLab-C/pico-sdk/src/common/pico_time/time.c.o
                0x10002168                best_effort_wfe_or_timeout
 .text.timer_hardware_alarm_claim
                0x10002260       0x14 CMakeFiles/microphone_matrix.dir/home/pedro/Downloads/BitDogLab-C/pico-sdk/src/rp2_common/hardware_timer/timer.c.o
                0x10002260                timer_hardware_alarm_claim
 .text.timer_time_us_64
                0x10002274       0x10 CMakeFiles/microphone_matrix.dir/home/pedro/Downloads/BitDogLab-C/pico-sdk/src/rp2_common/hardware_timer/timer.c.o
                0x10002274                timer_time_us_64
 .text.time_us_64
                0x10002284       0x14 CMakeFiles/microphone_matrix.dir/home/pedro/Downloads/BitDogLab-C/pico-sdk/src/rp2_common/hardware_timer/timer.c.o
                0x10002284                time_us_64
 .text.busy_wait_us
                0x10002298       0x68 CMakeFiles/microphone_matrix.dir/home/pedro/Downloads/BitDogLab-C/pico-sdk/src/rp2_common/hardware_timer/timer.c.o
                0x10002298                busy_wait_us
 .text.busy_wait_until
                0x10002300       0x20 CMakeFiles/microphone_matrix.dir/home/pedro/Downloads/BitDogLab-C/pico-sdk/src/rp2_common/hardware_timer/timer.c.o
                0x10002300                busy_wait_until
 .text.uart_init
                0x10002320      0x120 CMakeFiles/microphone_matrix.dir/home/pedro/Downloads/BitDogLab-C/pico-sdk/src/rp2_common/hardware_uart/uart.c.o
                0x10002320                uart_init
 .text.clock_configure_int_divider
                0x10002440       0xf4 CMakeFiles/microphone_matrix.dir/home/pedro/Downloads/BitDogLab-C/pico-sdk/src/rp2_common/hardware_clocks/clocks.c.o
                0x10002440                clock_configure_int_divider
 .text.clock_configure_undivided
                0x10002534       0xe8 CMakeFiles/microphone_matrix.dir/home/pedro/Downloads/BitDogLab-C/pico-sdk/src/rp2_common/hardware_clocks/clocks.c.o
                0x10002534                clock_configure_undivided
 .text.clock_get_hz
                0x1000261c        0xc CMakeFiles/microphone_matrix.dir/home/pedro/Downloads/BitDogLab-C/pico-sdk/src/rp2_common/hardware_clocks/clocks.c.o
                0x1000261c                clock_get_hz
 .text.pll_init
                0x10002628       0xa4 CMakeFiles/microphone_matrix.dir/home/pedro/Downloads/BitDogLab-C/pico-sdk/src/rp2_common/hardware_pll/pll.c.o
                0x10002628                pll_init
 .text.watchdog_reboot
                0x100026cc       0x9c CMakeFiles/microphone_matrix.dir/home/pedro/Downloads/BitDogLab-C/pico-sdk/src/rp2_common/hardware_watchdog/watchdog.c.o
                0x100026cc                watchdog_reboot
 .text.tick_start
                0x10002768       0x10 CMakeFiles/microphone_matrix.dir/home/pedro/Downloads/BitDogLab-C/pico-sdk/src/rp2_common/hardware_ticks/ticks.c.o
                0x10002768                tick_start
 .text.rom_func_lookup
                0x10002778       0x10 CMakeFiles/microphone_matrix.dir/home/pedro/Downloads/BitDogLab-C/pico-sdk/src/rp2_common/pico_bootrom/bootrom.c.o
                0x10002778                rom_func_lookup
 .text.rom_data_lookup
                0x10002788       0x10 CMakeFiles/microphone_matrix.dir/home/pedro/Downloads/BitDogLab-C/pico-sdk/src/rp2_common/pico_bootrom/bootrom.c.o
                0x10002788                rom_data_lookup
 .text.rom_funcs_lookup
                0x10002798       0x44 CMakeFiles/microphone_matrix.dir/home/pedro/Downloads/BitDogLab-C/pico-sdk/src/rp2_common/pico_bootrom/bootrom.c.o
                0x10002798                rom_funcs_lookup
 .text.rom_reset_usb_boot_extra
                0x100027dc       0x28 CMakeFiles/microphone_matrix.dir/home/pedro/Downloads/BitDogLab-C/pico-sdk/src/rp2_common/pico_bootrom/bootrom.c.o
                0x100027dc                rom_reset_usb_boot_extra
 .text.xosc_init
                0x10002804       0x28 CMakeFiles/microphone_matrix.dir/home/pedro/Downloads/BitDogLab-C/pico-sdk/src/rp2_common/hardware_xosc/xosc.c.o
                0x10002804                xosc_init
 .text.first_per_core_initializer
                0x1000282c        0x4 CMakeFiles/microphone_matrix.dir/home/pedro/Downloads/BitDogLab-C/pico-sdk/src/rp2_common/pico_runtime/runtime.c.o
 .text.hard_assertion_failure
                0x10002830        0xc CMakeFiles/microphone_matrix.dir/home/pedro/Downloads/BitDogLab-C/pico-sdk/src/rp2_common/pico_runtime/runtime.c.o
                0x10002830                hard_assertion_failure
 .text.runtime_run_initializers
                0x1000283c       0x28 CMakeFiles/microphone_matrix.dir/home/pedro/Downloads/BitDogLab-C/pico-sdk/src/rp2_common/pico_runtime/runtime.c.o
                0x1000283c                runtime_run_initializers
 .text.runtime_init_early_resets
                0x10002864       0x2c CMakeFiles/microphone_matrix.dir/home/pedro/Downloads/BitDogLab-C/pico-sdk/src/rp2_common/pico_runtime_init/runtime_init.c.o
                0x10002864                runtime_init_early_resets
 .text.runtime_init_usb_power_down
                0x10002890       0x1c CMakeFiles/microphone_matrix.dir/home/pedro/Downloads/BitDogLab-C/pico-sdk/src/rp2_common/pico_runtime_init/runtime_init.c.o
                0x10002890                runtime_init_usb_power_down
 .text.runtime_init_post_clock_resets
                0x100028ac       0x20 CMakeFiles/microphone_matrix.dir/home/pedro/Downloads/BitDogLab-C/pico-sdk/src/rp2_common/pico_runtime_init/runtime_init.c.o
                0x100028ac                runtime_init_post_clock_resets
 .text.runtime_init_rp2040_gpio_ie_disable
                0x100028cc       0x14 CMakeFiles/microphone_matrix.dir/home/pedro/Downloads/BitDogLab-C/pico-sdk/src/rp2_common/pico_runtime_init/runtime_init.c.o
                0x100028cc                runtime_init_rp2040_gpio_ie_disable
 .text.runtime_init_spin_locks_reset
                0x100028e0        0x8 CMakeFiles/microphone_matrix.dir/home/pedro/Downloads/BitDogLab-C/pico-sdk/src/rp2_common/pico_runtime_init/runtime_init.c.o
                0x100028e0                runtime_init_spin_locks_reset
 .text.runtime_init_install_ram_vector_table
                0x100028e8       0x1c CMakeFiles/microphone_matrix.dir/home/pedro/Downloads/BitDogLab-C/pico-sdk/src/rp2_common/pico_runtime_init/runtime_init.c.o
                0x100028e8                runtime_init_install_ram_vector_table
 .text.runtime_init_clocks
                0x10002904       0xd8 CMakeFiles/microphone_matrix.dir/home/pedro/Downloads/BitDogLab-C/pico-sdk/src/rp2_common/pico_runtime_init/runtime_init_clocks.c.o
                0x10002904                runtime_init_clocks
 .text          0x100029dc       0x10 CMakeFiles/microphone_matrix.dir/home/pedro/Downloads/BitDogLab-C/pico-sdk/src/rp2_common/pico_bit_ops/bit_ops_aeabi.S.o
 .text.ctzsi    0x100029ec        0xc CMakeFiles/microphone_matrix.dir/home/pedro/Downloads/BitDogLab-C/pico-sdk/src/rp2_common/pico_bit_ops/bit_ops_aeabi.S.o
                0x100029ec                __wrap___ctzsi2
 .text.__wrap___aeabi_idiv
                0x100029f8       0x50 CMakeFiles/microphone_matrix.dir/home/pedro/Downloads/BitDogLab-C/pico-sdk/src/rp2_common/pico_divider/divider_hardware.S.o
                0x100029f8                __wrap___aeabi_idivmod
                0x100029f8                divmod_s32s32
                0x100029f8                div_s32s32
                0x100029f8                __wrap___aeabi_idiv
                0x10002a00                divmod_s32s32_unsafe
                0x10002a2c                divmod_s32s32_savestate
 .text.__wrap___aeabi_uidiv
                0x10002a48       0x4c CMakeFiles/microphone_matrix.dir/home/pedro/Downloads/BitDogLab-C/pico-sdk/src/rp2_common/pico_divider/divider_hardware.S.o
                0x10002a48                __wrap___aeabi_uidiv
                0x10002a48                __wrap___aeabi_uidivmod
                0x10002a48                div_u32u32
                0x10002a48                divmod_u32u32
                0x10002a50                divmod_u32u32_unsafe
                0x10002a78                divmod_u32u32_savestate
 .text.__wrap___aeabi_ldiv
                0x10002a94      0x424 CMakeFiles/microphone_matrix.dir/home/pedro/Downloads/BitDogLab-C/pico-sdk/src/rp2_common/pico_divider/divider_hardware.S.o
                0x10002a94                div_s64s64
                0x10002a94                divmod_s64s64
                0x10002a94                __wrap___aeabi_ldivmod
                0x10002ac4                div_u64u64
                0x10002ac4                divmod_u64u64
                0x10002ac4                __wrap___aeabi_uldivmod
                0x10002ad4                divmod_u64u64_savestate
                0x10002af4                divmod_s64s64_unsafe
                0x10002b7c                divmod_u64u64_unsafe
 .text.__wrap___aeabi_darithmetic
                0x10002eb8       0x60 CMakeFiles/microphone_matrix.dir/home/pedro/Downloads/BitDogLab-C/pico-sdk/src/rp2_common/pico_double/double_aeabi_rp2040.S.o
                0x10002eb8                __wrap___aeabi_drsub
                0x10002ebe                __wrap___aeabi_dsub
                0x10002ec8                __wrap___aeabi_dadd
                0x10002ed2                __wrap___aeabi_ddiv
                0x10002f06                __wrap___aeabi_dmul
 .text.__wrap___aeabi_cdcmple
                0x10002f18       0x6c CMakeFiles/microphone_matrix.dir/home/pedro/Downloads/BitDogLab-C/pico-sdk/src/rp2_common/pico_double/double_aeabi_rp2040.S.o
                0x10002f18                __wrap___aeabi_cdrcmple
                0x10002f28                __wrap___aeabi_cdcmple
                0x10002f28                __wrap___aeabi_cdcmpeq
 .text.__wrap___aeabi_dcmplt
                0x10002f84        0xc CMakeFiles/microphone_matrix.dir/home/pedro/Downloads/BitDogLab-C/pico-sdk/src/rp2_common/pico_double/double_aeabi_rp2040.S.o
                0x10002f84                __wrap___aeabi_dcmplt
 .text.__wrap___aeabi_dcmpge
                0x10002f90       0x10 CMakeFiles/microphone_matrix.dir/home/pedro/Downloads/BitDogLab-C/pico-sdk/src/rp2_common/pico_double/double_aeabi_rp2040.S.o
                0x10002f90                __wrap___aeabi_dcmpge
 .text.__wrap___aeabi_dcmpgt
                0x10002fa0        0xa CMakeFiles/microphone_matrix.dir/home/pedro/Downloads/BitDogLab-C/pico-sdk/src/rp2_common/pico_double/double_aeabi_rp2040.S.o
                0x10002fa0                __wrap___aeabi_dcmpgt
 .text.__wrap___aeabi_dcmpun
                0x10002faa       0x18 CMakeFiles/microphone_matrix.dir/home/pedro/Downloads/BitDogLab-C/pico-sdk/src/rp2_common/pico_double/double_aeabi_rp2040.S.o
                0x10002faa                __wrap___aeabi_dcmpun
 *fill*         0x10002fc2        0x2 
 .text.__wrap___aeabi_i2d
                0x10002fc4       0x38 CMakeFiles/microphone_matrix.dir/home/pedro/Downloads/BitDogLab-C/pico-sdk/src/rp2_common/pico_double/double_aeabi_rp2040.S.o
                0x10002fc4                __wrap___aeabi_ui2d
                0x10002fc4                uint2double
                0x10002fcc                __wrap___aeabi_i2d
                0x10002fcc                int2double
 .text.__wrap___aeabi_d2iz
                0x10002ffc       0x48 CMakeFiles/microphone_matrix.dir/home/pedro/Downloads/BitDogLab-C/pico-sdk/src/rp2_common/pico_double/double_aeabi_rp2040.S.o
                0x10002ffc                __wrap___aeabi_d2iz
                0x10002ffc                double2int_z
 .text.__wrap___aeabi_d2uiz
                0x10003044       0x10 CMakeFiles/microphone_matrix.dir/home/pedro/Downloads/BitDogLab-C/pico-sdk/src/rp2_common/pico_double/double_aeabi_rp2040.S.o
                0x10003044                double2uint_z
                0x10003044                double2uint
                0x10003044                __wrap___aeabi_d2uiz
 .text.__wrap___aeabi_d2f
                0x10003054       0x10 CMakeFiles/microphone_matrix.dir/home/pedro/Downloads/BitDogLab-C/pico-sdk/src/rp2_common/pico_double/double_aeabi_rp2040.S.o
                0x10003054                __wrap___aeabi_d2f
 .text.__wrap_srqt
                0x10003064       0x10 CMakeFiles/microphone_matrix.dir/home/pedro/Downloads/BitDogLab-C/pico-sdk/src/rp2_common/pico_double/double_aeabi_rp2040.S.o
                0x10003064                __wrap_sqrt
 .text.missing_double_func_shim
                0x10003074        0xc CMakeFiles/microphone_matrix.dir/home/pedro/Downloads/BitDogLab-C/pico-sdk/src/rp2_common/pico_double/double_init_rom_rp2040.c.o
 .text.__aeabi_double_init
                0x10003080       0xa0 CMakeFiles/microphone_matrix.dir/home/pedro/Downloads/BitDogLab-C/pico-sdk/src/rp2_common/pico_double/double_init_rom_rp2040.c.o
                0x10003080                __aeabi_double_init
 .text.double_table_shim_on_use_helper
                0x10003120       0x2c CMakeFiles/microphone_matrix.dir/home/pedro/Downloads/BitDogLab-C/pico-sdk/src/rp2_common/pico_double/double_v1_rom_shim_rp2040.S.o
                0x10003120                double_table_shim_on_use_helper
 .text.__aeabi_lmul
                0x1000314c       0x32 CMakeFiles/microphone_matrix.dir/home/pedro/Downloads/BitDogLab-C/pico-sdk/src/rp2_common/pico_int64_ops/pico_int64_ops_aeabi.S.o
                0x1000314c                __wrap___aeabi_lmul
 *fill*         0x1000317e        0x2 
 .text.__wrap___aeabi_farithmetic
                0x10003180       0x48 CMakeFiles/microphone_matrix.dir/home/pedro/Downloads/BitDogLab-C/pico-sdk/src/rp2_common/pico_float/float_aeabi_rp2040.S.o
                0x10003180                __wrap___aeabi_frsub
                0x10003186                __wrap___aeabi_fsub
                0x1000318c                __wrap___aeabi_fadd
                0x10003192                __wrap___aeabi_fdiv
                0x100031ba                __wrap___aeabi_fmul
 .text.__wrap___aeabi_cfcmple
                0x100031c8       0x50 CMakeFiles/microphone_matrix.dir/home/pedro/Downloads/BitDogLab-C/pico-sdk/src/rp2_common/pico_float/float_aeabi_rp2040.S.o
                0x100031c8                __wrap___aeabi_cfrcmple
                0x100031d4                __wrap___aeabi_cfcmpeq
                0x100031d4                __wrap___aeabi_cfcmple
 .text.__wrap___aeabi_fcmplt
                0x10003218        0xc CMakeFiles/microphone_matrix.dir/home/pedro/Downloads/BitDogLab-C/pico-sdk/src/rp2_common/pico_float/float_aeabi_rp2040.S.o
                0x10003218                __wrap___aeabi_fcmplt
 .text.__wrap___aeabi_fcmpgt
                0x10003224        0xa CMakeFiles/microphone_matrix.dir/home/pedro/Downloads/BitDogLab-C/pico-sdk/src/rp2_common/pico_float/float_aeabi_rp2040.S.o
                0x10003224                __wrap___aeabi_fcmpgt
 .text.__wrap___aeabi_ui2f
                0x1000322e        0xa CMakeFiles/microphone_matrix.dir/home/pedro/Downloads/BitDogLab-C/pico-sdk/src/rp2_common/pico_float/float_aeabi_rp2040.S.o
                0x1000322e                uint2float
                0x1000322e                __wrap___aeabi_ui2f
 .text.__wrap___aeabi_i2f
                0x10003238       0x44 CMakeFiles/microphone_matrix.dir/home/pedro/Downloads/BitDogLab-C/pico-sdk/src/rp2_common/pico_float/float_aeabi_rp2040.S.o
                0x10003238                int2float
                0x10003238                __wrap___aeabi_i2f
 .text.__wrap___aeabi_f2uiz
                0x1000327c        0xc CMakeFiles/microphone_matrix.dir/home/pedro/Downloads/BitDogLab-C/pico-sdk/src/rp2_common/pico_float/float_aeabi_rp2040.S.o
                0x1000327c                float2uint
                0x1000327c                float2uint_z
                0x1000327c                __wrap___aeabi_f2uiz
 .text.__wrap___aeabi_f2d
                0x10003288        0xc CMakeFiles/microphone_matrix.dir/home/pedro/Downloads/BitDogLab-C/pico-sdk/src/rp2_common/pico_float/float_aeabi_rp2040.S.o
                0x10003288                __wrap___aeabi_f2d
 .text.missing_float_func_shim
                0x10003294        0xc CMakeFiles/microphone_matrix.dir/home/pedro/Downloads/BitDogLab-C/pico-sdk/src/rp2_common/pico_float/float_init_rom_rp2040.c.o
 .text.__aeabi_float_init
                0x100032a0       0x5c CMakeFiles/microphone_matrix.dir/home/pedro/Downloads/BitDogLab-C/pico-sdk/src/rp2_common/pico_float/float_init_rom_rp2040.c.o
                0x100032a0                __aeabi_float_init
 .text.__wrap_malloc
                0x100032fc       0x24 CMakeFiles/microphone_matrix.dir/home/pedro/Downloads/BitDogLab-C/pico-sdk/src/rp2_common/pico_malloc/malloc.c.o
                0x100032fc                __wrap_malloc
 .text.__wrap_calloc
                0x10003320       0x28 CMakeFiles/microphone_matrix.dir/home/pedro/Downloads/BitDogLab-C/pico-sdk/src/rp2_common/pico_malloc/malloc.c.o
                0x10003320                __wrap_calloc
 .text.__wrap_free
                0x10003348        0x8 CMakeFiles/microphone_matrix.dir/home/pedro/Downloads/BitDogLab-C/pico-sdk/src/rp2_common/pico_malloc/malloc.c.o
                0x10003348                __wrap_free
 .text          0x10003350       0x10 CMakeFiles/microphone_matrix.dir/home/pedro/Downloads/BitDogLab-C/pico-sdk/src/rp2_common/pico_mem_ops/mem_ops_aeabi.S.o
                0x10003350                __aeabi_mem_init
 .text.memset   0x10003360        0xc CMakeFiles/microphone_matrix.dir/home/pedro/Downloads/BitDogLab-C/pico-sdk/src/rp2_common/pico_mem_ops/mem_ops_aeabi.S.o
                0x10003360                __wrap_memset
 .text.memcpy   0x1000336c        0xc CMakeFiles/microphone_matrix.dir/home/pedro/Downloads/BitDogLab-C/pico-sdk/src/rp2_common/pico_mem_ops/mem_ops_aeabi.S.o
                0x1000336c                __wrap___aeabi_memcpy
                0x1000336c                __wrap_memcpy
 .text._out_buffer
                0x10003378        0x8 CMakeFiles/microphone_matrix.dir/home/pedro/Downloads/BitDogLab-C/pico-sdk/src/rp2_common/pico_printf/printf.c.o
 .text._out_null
                0x10003380        0x4 CMakeFiles/microphone_matrix.dir/home/pedro/Downloads/BitDogLab-C/pico-sdk/src/rp2_common/pico_printf/printf.c.o
 .text._out_rev
                0x10003384       0xac CMakeFiles/microphone_matrix.dir/home/pedro/Downloads/BitDogLab-C/pico-sdk/src/rp2_common/pico_printf/printf.c.o
 .text._ntoa_format
                0x10003430      0x250 CMakeFiles/microphone_matrix.dir/home/pedro/Downloads/BitDogLab-C/pico-sdk/src/rp2_common/pico_printf/printf.c.o
 .text._out_char
                0x10003680       0x10 CMakeFiles/microphone_matrix.dir/home/pedro/Downloads/BitDogLab-C/pico-sdk/src/rp2_common/pico_printf/printf.c.o
 .text._out_fct
                0x10003690       0x10 CMakeFiles/microphone_matrix.dir/home/pedro/Downloads/BitDogLab-C/pico-sdk/src/rp2_common/pico_printf/printf.c.o
 .text._etoa    0x100036a0      0x464 CMakeFiles/microphone_matrix.dir/home/pedro/Downloads/BitDogLab-C/pico-sdk/src/rp2_common/pico_printf/printf.c.o
 .text._ftoa    0x10003b04      0x3c0 CMakeFiles/microphone_matrix.dir/home/pedro/Downloads/BitDogLab-C/pico-sdk/src/rp2_common/pico_printf/printf.c.o
 .text._vsnprintf
                0x10003ec4      0xbc8 CMakeFiles/microphone_matrix.dir/home/pedro/Downloads/BitDogLab-C/pico-sdk/src/rp2_common/pico_printf/printf.c.o
 .text.__wrap_snprintf
                0x10004a8c       0x28 CMakeFiles/microphone_matrix.dir/home/pedro/Downloads/BitDogLab-C/pico-sdk/src/rp2_common/pico_printf/printf.c.o
                0x10004a8c                __wrap_snprintf
 .text.vfctprintf
                0x10004ab4       0x20 CMakeFiles/microphone_matrix.dir/home/pedro/Downloads/BitDogLab-C/pico-sdk/src/rp2_common/pico_printf/printf.c.o
                0x10004ab4                vfctprintf
 .text.weak_raw_vprintf
                0x10004ad4       0x30 CMakeFiles/microphone_matrix.dir/home/pedro/Downloads/BitDogLab-C/pico-sdk/src/rp2_common/pico_printf/printf.c.o
                0x10004ad4                weak_raw_vprintf
 .text._exit    0x10004b04        0x4 CMakeFiles/microphone_matrix.dir/home/pedro/Downloads/BitDogLab-C/pico-sdk/src/rp2_common/pico_clib_interface/newlib_interface.c.o
                0x10004b04                _exit
 .text._sbrk    0x10004b08       0x34 CMakeFiles/microphone_matrix.dir/home/pedro/Downloads/BitDogLab-C/pico-sdk/src/rp2_common/pico_clib_interface/newlib_interface.c.o
                0x10004b08                _sbrk
 .text.exit     0x10004b3c        0x8 CMakeFiles/microphone_matrix.dir/home/pedro/Downloads/BitDogLab-C/pico-sdk/src/rp2_common/pico_clib_interface/newlib_interface.c.o
                0x10004b3c                exit
 .text.runtime_init
                0x10004b44       0x2c CMakeFiles/microphone_matrix.dir/home/pedro/Downloads/BitDogLab-C/pico-sdk/src/rp2_common/pico_clib_interface/newlib_interface.c.o
                0x10004b44                runtime_init
 .text.stdio_out_chars_no_crlf
                0x10004b70       0x10 CMakeFiles/microphone_matrix.dir/home/pedro/Downloads/BitDogLab-C/pico-sdk/src/rp2_common/pico_stdio/stdio.c.o
 .text.stdio_out_chars_crlf
                0x10004b80       0x94 CMakeFiles/microphone_matrix.dir/home/pedro/Downloads/BitDogLab-C/pico-sdk/src/rp2_common/pico_stdio/stdio.c.o
 .text.stdio_buffered_printer
                0x10004c14       0x64 CMakeFiles/microphone_matrix.dir/home/pedro/Downloads/BitDogLab-C/pico-sdk/src/rp2_common/pico_stdio/stdio.c.o
 .text.stdio_put_string
                0x10004c78      0x100 CMakeFiles/microphone_matrix.dir/home/pedro/Downloads/BitDogLab-C/pico-sdk/src/rp2_common/pico_stdio/stdio.c.o
                0x10004c78                stdio_put_string
 .text.stdio_set_driver_enabled
                0x10004d78       0x30 CMakeFiles/microphone_matrix.dir/home/pedro/Downloads/BitDogLab-C/pico-sdk/src/rp2_common/pico_stdio/stdio.c.o
                0x10004d78                stdio_set_driver_enabled
 .text.stdio_init_all
                0x10004da8       0x10 CMakeFiles/microphone_matrix.dir/home/pedro/Downloads/BitDogLab-C/pico-sdk/src/rp2_common/pico_stdio/stdio.c.o
                0x10004da8                stdio_init_all
 .text.__wrap_putchar
                0x10004db8       0x98 CMakeFiles/microphone_matrix.dir/home/pedro/Downloads/BitDogLab-C/pico-sdk/src/rp2_common/pico_stdio/stdio.c.o
                0x10004db8                stdio_putchar
                0x10004db8                __wrap_putchar
 .text.__wrap_puts
                0x10004e50       0x3c CMakeFiles/microphone_matrix.dir/home/pedro/Downloads/BitDogLab-C/pico-sdk/src/rp2_common/pico_stdio/stdio.c.o
                0x10004e50                __wrap_puts
                0x10004e50                stdio_puts
 .text.__wrap_vprintf
                0x10004e8c       0xd4 CMakeFiles/microphone_matrix.dir/home/pedro/Downloads/BitDogLab-C/pico-sdk/src/rp2_common/pico_stdio/stdio.c.o
                0x10004e8c                __wrap_vprintf
                0x10004e8c                stdio_vprintf
 .text.__wrap_printf
                0x10004f60       0x18 CMakeFiles/microphone_matrix.dir/home/pedro/Downloads/BitDogLab-C/pico-sdk/src/rp2_common/pico_stdio/stdio.c.o
                0x10004f60                stdio_printf
                0x10004f60                __wrap_printf
 .text.stdio_uart_out_chars
                0x10004f78       0x4c CMakeFiles/microphone_matrix.dir/home/pedro/Downloads/BitDogLab-C/pico-sdk/src/rp2_common/pico_stdio_uart/stdio_uart.c.o
 .text.stdio_uart_in_chars
                0x10004fc4       0x90 CMakeFiles/microphone_matrix.dir/home/pedro/Downloads/BitDogLab-C/pico-sdk/src/rp2_common/pico_stdio_uart/stdio_uart.c.o
                0x10004fc4                stdio_uart_in_chars
 .text.on_uart_rx
                0x10005054       0x28 CMakeFiles/microphone_matrix.dir/home/pedro/Downloads/BitDogLab-C/pico-sdk/src/rp2_common/pico_stdio_uart/stdio_uart.c.o
 .text.stdio_uart_out_flush
                0x1000507c       0x14 CMakeFiles/microphone_matrix.dir/home/pedro/Downloads/BitDogLab-C/pico-sdk/src/rp2_common/pico_stdio_uart/stdio_uart.c.o
 .text.stdio_uart_set_chars_available_callback
                0x10005090       0x84 CMakeFiles/microphone_matrix.dir/home/pedro/Downloads/BitDogLab-C/pico-sdk/src/rp2_common/pico_stdio_uart/stdio_uart.c.o
 .text.stdio_uart_init
                0x10005114       0x50 CMakeFiles/microphone_matrix.dir/home/pedro/Downloads/BitDogLab-C/pico-sdk/src/rp2_common/pico_stdio_uart/stdio_uart.c.o
                0x10005114                stdio_uart_init
 .text.resetd_init
                0x10005164        0x4 CMakeFiles/microphone_matrix.dir/home/pedro/Downloads/BitDogLab-C/pico-sdk/src/rp2_common/pico_stdio_usb/reset_interface.c.o
 .text.resetd_reset
                0x10005168        0xc CMakeFiles/microphone_matrix.dir/home/pedro/Downloads/BitDogLab-C/pico-sdk/src/rp2_common/pico_stdio_usb/reset_interface.c.o
 .text.resetd_open
                0x10005174       0x28 CMakeFiles/microphone_matrix.dir/home/pedro/Downloads/BitDogLab-C/pico-sdk/src/rp2_common/pico_stdio_usb/reset_interface.c.o
 .text.resetd_xfer_cb
                0x1000519c        0x4 CMakeFiles/microphone_matrix.dir/home/pedro/Downloads/BitDogLab-C/pico-sdk/src/rp2_common/pico_stdio_usb/reset_interface.c.o
 .text.resetd_control_xfer_cb
                0x100051a0       0x5c CMakeFiles/microphone_matrix.dir/home/pedro/Downloads/BitDogLab-C/pico-sdk/src/rp2_common/pico_stdio_usb/reset_interface.c.o
 .text.tud_descriptor_bos_cb
                0x100051fc        0x8 CMakeFiles/microphone_matrix.dir/home/pedro/Downloads/BitDogLab-C/pico-sdk/src/rp2_common/pico_stdio_usb/reset_interface.c.o
                0x100051fc                tud_descriptor_bos_cb
 .text.tud_vendor_control_xfer_cb
                0x10005204       0x34 CMakeFiles/microphone_matrix.dir/home/pedro/Downloads/BitDogLab-C/pico-sdk/src/rp2_common/pico_stdio_usb/reset_interface.c.o
                0x10005204                tud_vendor_control_xfer_cb
 .text.usbd_app_driver_get_cb
                0x10005238        0xc CMakeFiles/microphone_matrix.dir/home/pedro/Downloads/BitDogLab-C/pico-sdk/src/rp2_common/pico_stdio_usb/reset_interface.c.o
                0x10005238                usbd_app_driver_get_cb
 .text.tud_cdc_line_coding_cb
                0x10005244       0x2c CMakeFiles/microphone_matrix.dir/home/pedro/Downloads/BitDogLab-C/pico-sdk/src/rp2_common/pico_stdio_usb/reset_interface.c.o
                0x10005244                tud_cdc_line_coding_cb
 .text.stdio_usb_set_chars_available_callback
                0x10005270       0x14 CMakeFiles/microphone_matrix.dir/home/pedro/Downloads/BitDogLab-C/pico-sdk/src/rp2_common/pico_stdio_usb/stdio_usb.c.o
                0x10005270                stdio_usb_set_chars_available_callback
 .text.usb_irq  0x10005284       0x10 CMakeFiles/microphone_matrix.dir/home/pedro/Downloads/BitDogLab-C/pico-sdk/src/rp2_common/pico_stdio_usb/stdio_usb.c.o
 .text.timer_task
                0x10005294       0x64 CMakeFiles/microphone_matrix.dir/home/pedro/Downloads/BitDogLab-C/pico-sdk/src/rp2_common/pico_stdio_usb/stdio_usb.c.o
 .text.stdio_usb_in_chars
                0x100052f8       0x90 CMakeFiles/microphone_matrix.dir/home/pedro/Downloads/BitDogLab-C/pico-sdk/src/rp2_common/pico_stdio_usb/stdio_usb.c.o
                0x100052f8                stdio_usb_in_chars
 .text.stdio_usb_out_flush
                0x10005388       0x50 CMakeFiles/microphone_matrix.dir/home/pedro/Downloads/BitDogLab-C/pico-sdk/src/rp2_common/pico_stdio_usb/stdio_usb.c.o
 .text.stdio_usb_out_chars
                0x100053d8      0x104 CMakeFiles/microphone_matrix.dir/home/pedro/Downloads/BitDogLab-C/pico-sdk/src/rp2_common/pico_stdio_usb/stdio_usb.c.o
 .text.low_priority_worker_irq
                0x100054dc       0xcc CMakeFiles/microphone_matrix.dir/home/pedro/Downloads/BitDogLab-C/pico-sdk/src/rp2_common/pico_stdio_usb/stdio_usb.c.o
 .text.stdio_usb_init
                0x100055a8       0xec CMakeFiles/microphone_matrix.dir/home/pedro/Downloads/BitDogLab-C/pico-sdk/src/rp2_common/pico_stdio_usb/stdio_usb.c.o
                0x100055a8                stdio_usb_init
 .text.tud_descriptor_device_cb
                0x10005694        0x8 CMakeFiles/microphone_matrix.dir/home/pedro/Downloads/BitDogLab-C/pico-sdk/src/rp2_common/pico_stdio_usb/stdio_usb_descriptors.c.o
                0x10005694                tud_descriptor_device_cb
 .text.tud_descriptor_configuration_cb
                0x1000569c        0x8 CMakeFiles/microphone_matrix.dir/home/pedro/Downloads/BitDogLab-C/pico-sdk/src/rp2_common/pico_stdio_usb/stdio_usb_descriptors.c.o
                0x1000569c                tud_descriptor_configuration_cb
 .text.tud_descriptor_string_cb
                0x100056a4       0x78 CMakeFiles/microphone_matrix.dir/home/pedro/Downloads/BitDogLab-C/pico-sdk/src/rp2_common/pico_stdio_usb/stdio_usb_descriptors.c.o
                0x100056a4                tud_descriptor_string_cb
 .text.startup._retrieve_unique_id_on_boot
                0x1000571c       0x10 CMakeFiles/microphone_matrix.dir/home/pedro/Downloads/BitDogLab-C/pico-sdk/src/rp2_common/pico_unique_id/unique_id.c.o
 .text.pico_get_unique_board_id
                0x1000572c       0x10 CMakeFiles/microphone_matrix.dir/home/pedro/Downloads/BitDogLab-C/pico-sdk/src/rp2_common/pico_unique_id/unique_id.c.o
                0x1000572c                pico_get_unique_board_id
 .text.pico_get_unique_board_id_string
                0x1000573c      0x1a8 CMakeFiles/microphone_matrix.dir/home/pedro/Downloads/BitDogLab-C/pico-sdk/src/rp2_common/pico_unique_id/unique_id.c.o
                0x1000573c                pico_get_unique_board_id_string
 .text.flash_get_unique_id
                0x100058e4       0x3c CMakeFiles/microphone_matrix.dir/home/pedro/Downloads/BitDogLab-C/pico-sdk/src/rp2_common/hardware_flash/flash.c.o
                0x100058e4                flash_get_unique_id
 .text.dcd_init
                0x10005920       0x90 CMakeFiles/microphone_matrix.dir/home/pedro/Downloads/BitDogLab-C/pico-sdk/lib/tinyusb/src/portable/raspberrypi/rp2040/dcd_rp2040.c.o
                0x10005920                dcd_init
 .text.dcd_int_enable
                0x100059b0        0xc CMakeFiles/microphone_matrix.dir/home/pedro/Downloads/BitDogLab-C/pico-sdk/lib/tinyusb/src/portable/raspberrypi/rp2040/dcd_rp2040.c.o
                0x100059b0                dcd_int_enable
 .text.dcd_set_address
                0x100059bc       0x14 CMakeFiles/microphone_matrix.dir/home/pedro/Downloads/BitDogLab-C/pico-sdk/lib/tinyusb/src/portable/raspberrypi/rp2040/dcd_rp2040.c.o
                0x100059bc                dcd_set_address
 .text.dcd_sof_enable
                0x100059d0       0x1c CMakeFiles/microphone_matrix.dir/home/pedro/Downloads/BitDogLab-C/pico-sdk/lib/tinyusb/src/portable/raspberrypi/rp2040/dcd_rp2040.c.o
                0x100059d0                dcd_sof_enable
 .text.dcd_edpt0_status_complete
                0x100059ec       0x1c CMakeFiles/microphone_matrix.dir/home/pedro/Downloads/BitDogLab-C/pico-sdk/lib/tinyusb/src/portable/raspberrypi/rp2040/dcd_rp2040.c.o
                0x100059ec                dcd_edpt0_status_complete
 .text.dcd_edpt_open
                0x10005a08      0x114 CMakeFiles/microphone_matrix.dir/home/pedro/Downloads/BitDogLab-C/pico-sdk/lib/tinyusb/src/portable/raspberrypi/rp2040/dcd_rp2040.c.o
                0x10005a08                dcd_edpt_open
 .text.dcd_edpt_close_all
                0x10005b1c        0x8 CMakeFiles/microphone_matrix.dir/home/pedro/Downloads/BitDogLab-C/pico-sdk/lib/tinyusb/src/portable/raspberrypi/rp2040/dcd_rp2040.c.o
                0x10005b1c                dcd_edpt_close_all
 .text.dcd_edpt_xfer
                0x10005b24       0x24 CMakeFiles/microphone_matrix.dir/home/pedro/Downloads/BitDogLab-C/pico-sdk/lib/tinyusb/src/portable/raspberrypi/rp2040/dcd_rp2040.c.o
                0x10005b24                dcd_edpt_xfer
 .text.dcd_edpt_stall
                0x10005b48       0x34 CMakeFiles/microphone_matrix.dir/home/pedro/Downloads/BitDogLab-C/pico-sdk/lib/tinyusb/src/portable/raspberrypi/rp2040/dcd_rp2040.c.o
                0x10005b48                dcd_edpt_stall
 .text.dcd_edpt_clear_stall
                0x10005b7c       0x30 CMakeFiles/microphone_matrix.dir/home/pedro/Downloads/BitDogLab-C/pico-sdk/lib/tinyusb/src/portable/raspberrypi/rp2040/dcd_rp2040.c.o
                0x10005b7c                dcd_edpt_clear_stall
 .text.rp2040_usb_init
                0x10005bac       0x40 CMakeFiles/microphone_matrix.dir/home/pedro/Downloads/BitDogLab-C/pico-sdk/lib/tinyusb/src/portable/raspberrypi/rp2040/rp2040_usb.c.o
                0x10005bac                rp2040_usb_init
 .text.hw_endpoint_xfer_start
                0x10005bec       0x40 CMakeFiles/microphone_matrix.dir/home/pedro/Downloads/BitDogLab-C/pico-sdk/lib/tinyusb/src/portable/raspberrypi/rp2040/rp2040_usb.c.o
                0x10005bec                hw_endpoint_xfer_start
 .text.tud_event_hook_cb
                0x10005c2c        0x4 CMakeFiles/microphone_matrix.dir/home/pedro/Downloads/BitDogLab-C/pico-sdk/lib/tinyusb/src/device/usbd.c.o
                0x10005c2c                tud_event_hook_cb
 .text.tud_sof_cb
                0x10005c30        0x4 CMakeFiles/microphone_matrix.dir/home/pedro/Downloads/BitDogLab-C/pico-sdk/lib/tinyusb/src/device/usbd.c.o
                0x10005c30                tud_sof_cb
 .text.tud_descriptor_device_qualifier_cb
                0x10005c34        0x4 CMakeFiles/microphone_matrix.dir/home/pedro/Downloads/BitDogLab-C/pico-sdk/lib/tinyusb/src/device/usbd.c.o
                0x10005c34                tud_descriptor_device_qualifier_cb
 .text.tud_descriptor_other_speed_configuration_cb
                0x10005c38        0x4 CMakeFiles/microphone_matrix.dir/home/pedro/Downloads/BitDogLab-C/pico-sdk/lib/tinyusb/src/device/usbd.c.o
                0x10005c38                tud_descriptor_other_speed_configuration_cb
 .text.tud_mount_cb
                0x10005c3c        0x4 CMakeFiles/microphone_matrix.dir/home/pedro/Downloads/BitDogLab-C/pico-sdk/lib/tinyusb/src/device/usbd.c.o
                0x10005c3c                tud_mount_cb
 .text.tud_umount_cb
                0x10005c40        0x4 CMakeFiles/microphone_matrix.dir/home/pedro/Downloads/BitDogLab-C/pico-sdk/lib/tinyusb/src/device/usbd.c.o
                0x10005c40                tud_umount_cb
 .text.tud_suspend_cb
                0x10005c44        0x4 CMakeFiles/microphone_matrix.dir/home/pedro/Downloads/BitDogLab-C/pico-sdk/lib/tinyusb/src/device/usbd.c.o
                0x10005c44                tud_suspend_cb
 .text.tud_resume_cb
                0x10005c48        0x4 CMakeFiles/microphone_matrix.dir/home/pedro/Downloads/BitDogLab-C/pico-sdk/lib/tinyusb/src/device/usbd.c.o
                0x10005c48                tud_resume_cb
 .text.tud_mounted
                0x10005c4c       0x10 CMakeFiles/microphone_matrix.dir/home/pedro/Downloads/BitDogLab-C/pico-sdk/lib/tinyusb/src/device/usbd.c.o
                0x10005c4c                tud_mounted
 .text.tud_suspended
                0x10005c5c       0x10 CMakeFiles/microphone_matrix.dir/home/pedro/Downloads/BitDogLab-C/pico-sdk/lib/tinyusb/src/device/usbd.c.o
                0x10005c5c                tud_suspended
 .text.tud_rhport_init
                0x10005c6c       0xfc CMakeFiles/microphone_matrix.dir/home/pedro/Downloads/BitDogLab-C/pico-sdk/lib/tinyusb/src/device/usbd.c.o
                0x10005c6c                tud_rhport_init
 .text.tud_task_ext
                0x10005d68      0x800 CMakeFiles/microphone_matrix.dir/home/pedro/Downloads/BitDogLab-C/pico-sdk/lib/tinyusb/src/device/usbd.c.o
                0x10005d68                tud_task_ext
 .text.usbd_open_edpt_pair
                0x10006568       0x9c CMakeFiles/microphone_matrix.dir/home/pedro/Downloads/BitDogLab-C/pico-sdk/lib/tinyusb/src/device/usbd.c.o
                0x10006568                usbd_open_edpt_pair
 .text.usbd_edpt_open
                0x10006604       0x34 CMakeFiles/microphone_matrix.dir/home/pedro/Downloads/BitDogLab-C/pico-sdk/lib/tinyusb/src/device/usbd.c.o
                0x10006604                usbd_edpt_open
 .text.usbd_edpt_claim
                0x10006638       0x28 CMakeFiles/microphone_matrix.dir/home/pedro/Downloads/BitDogLab-C/pico-sdk/lib/tinyusb/src/device/usbd.c.o
                0x10006638                usbd_edpt_claim
 .text.usbd_edpt_release
                0x10006660       0x28 CMakeFiles/microphone_matrix.dir/home/pedro/Downloads/BitDogLab-C/pico-sdk/lib/tinyusb/src/device/usbd.c.o
                0x10006660                usbd_edpt_release
 .text.usbd_edpt_xfer
                0x10006688       0x4c CMakeFiles/microphone_matrix.dir/home/pedro/Downloads/BitDogLab-C/pico-sdk/lib/tinyusb/src/device/usbd.c.o
                0x10006688                usbd_edpt_xfer
 .text.tud_control_status
                0x100066d4       0x2c CMakeFiles/microphone_matrix.dir/home/pedro/Downloads/BitDogLab-C/pico-sdk/lib/tinyusb/src/device/usbd_control.c.o
                0x100066d4                tud_control_status
 .text.tud_control_xfer
                0x10006700       0xac CMakeFiles/microphone_matrix.dir/home/pedro/Downloads/BitDogLab-C/pico-sdk/lib/tinyusb/src/device/usbd_control.c.o
                0x10006700                tud_control_xfer
 .text.usbd_control_reset
                0x100067ac       0x14 CMakeFiles/microphone_matrix.dir/home/pedro/Downloads/BitDogLab-C/pico-sdk/lib/tinyusb/src/device/usbd_control.c.o
                0x100067ac                usbd_control_reset
 .text.usbd_control_set_complete_callback
                0x100067c0        0xc CMakeFiles/microphone_matrix.dir/home/pedro/Downloads/BitDogLab-C/pico-sdk/lib/tinyusb/src/device/usbd_control.c.o
                0x100067c0                usbd_control_set_complete_callback
 .text.usbd_control_set_request
                0x100067cc       0x1c CMakeFiles/microphone_matrix.dir/home/pedro/Downloads/BitDogLab-C/pico-sdk/lib/tinyusb/src/device/usbd_control.c.o
                0x100067cc                usbd_control_set_request
 .text.usbd_control_xfer_cb
                0x100067e8       0xec CMakeFiles/microphone_matrix.dir/home/pedro/Downloads/BitDogLab-C/pico-sdk/lib/tinyusb/src/device/usbd_control.c.o
                0x100067e8                usbd_control_xfer_cb
 .text._prep_out_transaction.isra.0
                0x100068d4       0x6c CMakeFiles/microphone_matrix.dir/home/pedro/Downloads/BitDogLab-C/pico-sdk/lib/tinyusb/src/class/cdc/cdc_device.c.o
 .text.tud_cdc_n_connected
                0x10006940       0x2c CMakeFiles/microphone_matrix.dir/home/pedro/Downloads/BitDogLab-C/pico-sdk/lib/tinyusb/src/class/cdc/cdc_device.c.o
                0x10006940                tud_cdc_n_connected
 .text.tud_cdc_n_available
                0x1000696c       0x14 CMakeFiles/microphone_matrix.dir/home/pedro/Downloads/BitDogLab-C/pico-sdk/lib/tinyusb/src/class/cdc/cdc_device.c.o
                0x1000696c                tud_cdc_n_available
 .text.tud_cdc_n_read
                0x10006980       0x94 CMakeFiles/microphone_matrix.dir/home/pedro/Downloads/BitDogLab-C/pico-sdk/lib/tinyusb/src/class/cdc/cdc_device.c.o
                0x10006980                tud_cdc_n_read
 .text.tud_cdc_n_write_flush
                0x10006a14       0x74 CMakeFiles/microphone_matrix.dir/home/pedro/Downloads/BitDogLab-C/pico-sdk/lib/tinyusb/src/class/cdc/cdc_device.c.o
                0x10006a14                tud_cdc_n_write_flush
 .text.tud_cdc_n_write
                0x10006a88       0x40 CMakeFiles/microphone_matrix.dir/home/pedro/Downloads/BitDogLab-C/pico-sdk/lib/tinyusb/src/class/cdc/cdc_device.c.o
                0x10006a88                tud_cdc_n_write
 .text.tud_cdc_n_write_available
                0x10006ac8       0x14 CMakeFiles/microphone_matrix.dir/home/pedro/Downloads/BitDogLab-C/pico-sdk/lib/tinyusb/src/class/cdc/cdc_device.c.o
                0x10006ac8                tud_cdc_n_write_available
 .text.cdcd_init
                0x10006adc       0x70 CMakeFiles/microphone_matrix.dir/home/pedro/Downloads/BitDogLab-C/pico-sdk/lib/tinyusb/src/class/cdc/cdc_device.c.o
                0x10006adc                cdcd_init
 .text.cdcd_deinit
                0x10006b4c       0x34 CMakeFiles/microphone_matrix.dir/home/pedro/Downloads/BitDogLab-C/pico-sdk/lib/tinyusb/src/class/cdc/cdc_device.c.o
                0x10006b4c                cdcd_deinit
 .text.cdcd_reset
                0x10006b80       0x4c CMakeFiles/microphone_matrix.dir/home/pedro/Downloads/BitDogLab-C/pico-sdk/lib/tinyusb/src/class/cdc/cdc_device.c.o
                0x10006b80                cdcd_reset
 .text.cdcd_open
                0x10006bcc       0xa8 CMakeFiles/microphone_matrix.dir/home/pedro/Downloads/BitDogLab-C/pico-sdk/lib/tinyusb/src/class/cdc/cdc_device.c.o
                0x10006bcc                cdcd_open
 .text.cdcd_control_xfer_cb
                0x10006c74       0xe8 CMakeFiles/microphone_matrix.dir/home/pedro/Downloads/BitDogLab-C/pico-sdk/lib/tinyusb/src/class/cdc/cdc_device.c.o
                0x10006c74                cdcd_control_xfer_cb
 .text.cdcd_xfer_cb
                0x10006d5c      0x100 CMakeFiles/microphone_matrix.dir/home/pedro/Downloads/BitDogLab-C/pico-sdk/lib/tinyusb/src/class/cdc/cdc_device.c.o
                0x10006d5c                cdcd_xfer_cb
 .text.vendord_init
                0x10006e5c       0x5c CMakeFiles/microphone_matrix.dir/home/pedro/Downloads/BitDogLab-C/pico-sdk/lib/tinyusb/src/class/vendor/vendor_device.c.o
                0x10006e5c                vendord_init
 .text.vendord_deinit
                0x10006eb8       0x1c CMakeFiles/microphone_matrix.dir/home/pedro/Downloads/BitDogLab-C/pico-sdk/lib/tinyusb/src/class/vendor/vendor_device.c.o
                0x10006eb8                vendord_deinit
 .text.vendord_reset
                0x10006ed4       0x28 CMakeFiles/microphone_matrix.dir/home/pedro/Downloads/BitDogLab-C/pico-sdk/lib/tinyusb/src/class/vendor/vendor_device.c.o
                0x10006ed4                vendord_reset
 .text.vendord_open
                0x10006efc      0x128 CMakeFiles/microphone_matrix.dir/home/pedro/Downloads/BitDogLab-C/pico-sdk/lib/tinyusb/src/class/vendor/vendor_device.c.o
                0x10006efc                vendord_open
 .text.vendord_xfer_cb
                0x10007024       0x9c CMakeFiles/microphone_matrix.dir/home/pedro/Downloads/BitDogLab-C/pico-sdk/lib/tinyusb/src/class/vendor/vendor_device.c.o
                0x10007024                vendord_xfer_cb
 .text.tusb_rhport_init
                0x100070c0       0x48 CMakeFiles/microphone_matrix.dir/home/pedro/Downloads/BitDogLab-C/pico-sdk/lib/tinyusb/src/tusb.c.o
                0x100070c0                tusb_rhport_init
 .text.tu_edpt_claim
                0x10007108       0x50 CMakeFiles/microphone_matrix.dir/home/pedro/Downloads/BitDogLab-C/pico-sdk/lib/tinyusb/src/tusb.c.o
                0x10007108                tu_edpt_claim
 .text.tu_edpt_release
                0x10007158       0x38 CMakeFiles/microphone_matrix.dir/home/pedro/Downloads/BitDogLab-C/pico-sdk/lib/tinyusb/src/tusb.c.o
                0x10007158                tu_edpt_release
 .text.tu_edpt_validate
                0x10007190       0x7c CMakeFiles/microphone_matrix.dir/home/pedro/Downloads/BitDogLab-C/pico-sdk/lib/tinyusb/src/tusb.c.o
                0x10007190                tu_edpt_validate
 .text.tu_edpt_bind_driver
                0x1000720c       0x34 CMakeFiles/microphone_matrix.dir/home/pedro/Downloads/BitDogLab-C/pico-sdk/lib/tinyusb/src/tusb.c.o
                0x1000720c                tu_edpt_bind_driver
 .text.tu_edpt_stream_init
                0x10007240       0x6c CMakeFiles/microphone_matrix.dir/home/pedro/Downloads/BitDogLab-C/pico-sdk/lib/tinyusb/src/tusb.c.o
                0x10007240                tu_edpt_stream_init
 .text.tu_edpt_stream_deinit
                0x100072ac        0x4 CMakeFiles/microphone_matrix.dir/home/pedro/Downloads/BitDogLab-C/pico-sdk/lib/tinyusb/src/tusb.c.o
                0x100072ac                tu_edpt_stream_deinit
 .text.tu_edpt_stream_write_zlp_if_needed
                0x100072b0       0x68 CMakeFiles/microphone_matrix.dir/home/pedro/Downloads/BitDogLab-C/pico-sdk/lib/tinyusb/src/tusb.c.o
                0x100072b0                tu_edpt_stream_write_zlp_if_needed
 .text.tu_edpt_stream_write_xfer
                0x10007318       0x64 CMakeFiles/microphone_matrix.dir/home/pedro/Downloads/BitDogLab-C/pico-sdk/lib/tinyusb/src/tusb.c.o
                0x10007318                tu_edpt_stream_write_xfer
 .text.tu_edpt_stream_read_xfer
                0x1000737c       0xdc CMakeFiles/microphone_matrix.dir/home/pedro/Downloads/BitDogLab-C/pico-sdk/lib/tinyusb/src/tusb.c.o
                0x1000737c                tu_edpt_stream_read_xfer
 .text.tu_fifo_config
                0x10007458       0x6c CMakeFiles/microphone_matrix.dir/home/pedro/Downloads/BitDogLab-C/pico-sdk/lib/tinyusb/src/common/tusb_fifo.c.o
                0x10007458                tu_fifo_config
 .text.tu_fifo_count
                0x100074c4       0x2c CMakeFiles/microphone_matrix.dir/home/pedro/Downloads/BitDogLab-C/pico-sdk/lib/tinyusb/src/common/tusb_fifo.c.o
                0x100074c4                tu_fifo_count
 .text.tu_fifo_empty
                0x100074f0       0x10 CMakeFiles/microphone_matrix.dir/home/pedro/Downloads/BitDogLab-C/pico-sdk/lib/tinyusb/src/common/tusb_fifo.c.o
                0x100074f0                tu_fifo_empty
 .text.tu_fifo_remaining
                0x10007500       0x2c CMakeFiles/microphone_matrix.dir/home/pedro/Downloads/BitDogLab-C/pico-sdk/lib/tinyusb/src/common/tusb_fifo.c.o
                0x10007500                tu_fifo_remaining
 .text.tu_fifo_read
                0x1000752c       0x9c CMakeFiles/microphone_matrix.dir/home/pedro/Downloads/BitDogLab-C/pico-sdk/lib/tinyusb/src/common/tusb_fifo.c.o
                0x1000752c                tu_fifo_read
 .text.tu_fifo_read_n
                0x100075c8       0xe8 CMakeFiles/microphone_matrix.dir/home/pedro/Downloads/BitDogLab-C/pico-sdk/lib/tinyusb/src/common/tusb_fifo.c.o
                0x100075c8                tu_fifo_read_n
 .text.tu_fifo_write
                0x100076b0       0xa8 CMakeFiles/microphone_matrix.dir/home/pedro/Downloads/BitDogLab-C/pico-sdk/lib/tinyusb/src/common/tusb_fifo.c.o
                0x100076b0                tu_fifo_write
 .text.tu_fifo_write_n
                0x10007758      0x178 CMakeFiles/microphone_matrix.dir/home/pedro/Downloads/BitDogLab-C/pico-sdk/lib/tinyusb/src/common/tusb_fifo.c.o
                0x10007758                tu_fifo_write_n
 .text.tu_fifo_clear
                0x100078d0       0x40 CMakeFiles/microphone_matrix.dir/home/pedro/Downloads/BitDogLab-C/pico-sdk/lib/tinyusb/src/common/tusb_fifo.c.o
                0x100078d0                tu_fifo_clear
 .text.tu_fifo_set_overwritable
                0x10007910       0x48 CMakeFiles/microphone_matrix.dir/home/pedro/Downloads/BitDogLab-C/pico-sdk/lib/tinyusb/src/common/tusb_fifo.c.o
                0x10007910                tu_fifo_set_overwritable
 .text.adc_init
                0x10007958       0x38 CMakeFiles/microphone_matrix.dir/home/pedro/Downloads/BitDogLab-C/pico-sdk/src/rp2_common/hardware_adc/adc.c.o
                0x10007958                adc_init
 .text.dma_channel_unclaim
                0x10007990       0x14 CMakeFiles/microphone_matrix.dir/home/pedro/Downloads/BitDogLab-C/pico-sdk/src/rp2_common/hardware_dma/dma.c.o
                0x10007990                dma_channel_unclaim
 .text.dma_claim_unused_channel
                0x100079a4       0x24 CMakeFiles/microphone_matrix.dir/home/pedro/Downloads/BitDogLab-C/pico-sdk/src/rp2_common/hardware_dma/dma.c.o
                0x100079a4                dma_claim_unused_channel
 .text.dma_channel_cleanup
                0x100079c8       0x64 CMakeFiles/microphone_matrix.dir/home/pedro/Downloads/BitDogLab-C/pico-sdk/src/rp2_common/hardware_dma/dma.c.o
                0x100079c8                dma_channel_cleanup
 .text.pio_claim_unused_sm
                0x10007a2c       0x38 CMakeFiles/microphone_matrix.dir/home/pedro/Downloads/BitDogLab-C/pico-sdk/src/rp2_common/hardware_pio/pio.c.o
                0x10007a2c                pio_claim_unused_sm
 .text.pio_add_program
                0x10007a64      0x104 CMakeFiles/microphone_matrix.dir/home/pedro/Downloads/BitDogLab-C/pico-sdk/src/rp2_common/hardware_pio/pio.c.o
                0x10007a64                pio_add_program
 .text.pio_sm_set_pindirs_with_mask64
                0x10007b68       0xac CMakeFiles/microphone_matrix.dir/home/pedro/Downloads/BitDogLab-C/pico-sdk/src/rp2_common/hardware_pio/pio.c.o
                0x10007b68                pio_sm_set_pindirs_with_mask64
 .text.pio_sm_set_consecutive_pindirs
                0x10007c14       0xb4 CMakeFiles/microphone_matrix.dir/home/pedro/Downloads/BitDogLab-C/pico-sdk/src/rp2_common/hardware_pio/pio.c.o
                0x10007c14                pio_sm_set_consecutive_pindirs
 .text.pio_sm_init
                0x10007cc8       0x9c CMakeFiles/microphone_matrix.dir/home/pedro/Downloads/BitDogLab-C/pico-sdk/src/rp2_common/hardware_pio/pio.c.o
                0x10007cc8                pio_sm_init
 .text.pio_claim_free_sm_and_add_program_for_gpio_range
                0x10007d64      0x18c CMakeFiles/microphone_matrix.dir/home/pedro/Downloads/BitDogLab-C/pico-sdk/src/rp2_common/hardware_pio/pio.c.o
                0x10007d64                pio_claim_free_sm_and_add_program_for_gpio_range
 .text.pio_remove_program_and_unclaim_sm
                0x10007ef0       0x40 CMakeFiles/microphone_matrix.dir/home/pedro/Downloads/BitDogLab-C/pico-sdk/src/rp2_common/hardware_pio/pio.c.o
                0x10007ef0                pio_remove_program_and_unclaim_sm
 .text.i2c_write_blocking_internal.constprop.0
                0x10007f30       0xd0 CMakeFiles/microphone_matrix.dir/home/pedro/Downloads/BitDogLab-C/pico-sdk/src/rp2_common/hardware_i2c/i2c.c.o
 .text.i2c_set_baudrate
                0x10008000       0xc0 CMakeFiles/microphone_matrix.dir/home/pedro/Downloads/BitDogLab-C/pico-sdk/src/rp2_common/hardware_i2c/i2c.c.o
                0x10008000                i2c_set_baudrate
 .text.i2c_init
                0x100080c0       0x50 CMakeFiles/microphone_matrix.dir/home/pedro/Downloads/BitDogLab-C/pico-sdk/src/rp2_common/hardware_i2c/i2c.c.o
                0x100080c0                i2c_init
 .text.i2c_write_blocking
                0x10008110       0x14 CMakeFiles/microphone_matrix.dir/home/pedro/Downloads/BitDogLab-C/pico-sdk/src/rp2_common/hardware_i2c/i2c.c.o
                0x10008110                i2c_write_blocking
 .text.lwip_timeout_reached
                0x10008124        0x8 CMakeFiles/microphone_matrix.dir/home/pedro/Downloads/BitDogLab-C/pico-sdk/src/rp2_common/pico_lwip/lwip_nosys.c.o
 .text.update_next_timeout
                0x1000812c       0x60 CMakeFiles/microphone_matrix.dir/home/pedro/Downloads/BitDogLab-C/pico-sdk/src/rp2_common/pico_lwip/lwip_nosys.c.o
 .text.lwip_nosys_init
                0x1000818c       0x30 CMakeFiles/microphone_matrix.dir/home/pedro/Downloads/BitDogLab-C/pico-sdk/src/rp2_common/pico_lwip/lwip_nosys.c.o
                0x1000818c                lwip_nosys_init
 .text.lwip_nosys_deinit
                0x100081bc       0x20 CMakeFiles/microphone_matrix.dir/home/pedro/Downloads/BitDogLab-C/pico-sdk/src/rp2_common/pico_lwip/lwip_nosys.c.o
                0x100081bc                lwip_nosys_deinit
 .text.sys_arch_protect
                0x100081dc        0x4 CMakeFiles/microphone_matrix.dir/home/pedro/Downloads/BitDogLab-C/pico-sdk/src/rp2_common/pico_lwip/lwip_nosys.c.o
                0x100081dc                sys_arch_protect
 .text.sys_arch_unprotect
                0x100081e0        0x4 CMakeFiles/microphone_matrix.dir/home/pedro/Downloads/BitDogLab-C/pico-sdk/src/rp2_common/pico_lwip/lwip_nosys.c.o
                0x100081e0                sys_arch_unprotect
 .text.sys_now  0x100081e4       0x20 CMakeFiles/microphone_matrix.dir/home/pedro/Downloads/BitDogLab-C/pico-sdk/src/rp2_common/pico_lwip/lwip_nosys.c.o
                0x100081e4                sys_now
 .text.async_context_base_add_at_time_worker
                0x10008204       0x24 CMakeFiles/microphone_matrix.dir/home/pedro/Downloads/BitDogLab-C/pico-sdk/src/rp2_common/pico_async_context/async_context_base.c.o
                0x10008204                async_context_base_add_at_time_worker
 .text.async_context_base_remove_at_time_worker
                0x10008228       0x28 CMakeFiles/microphone_matrix.dir/home/pedro/Downloads/BitDogLab-C/pico-sdk/src/rp2_common/pico_async_context/async_context_base.c.o
                0x10008228                async_context_base_remove_at_time_worker
 .text.async_context_base_add_when_pending_worker
                0x10008250       0x24 CMakeFiles/microphone_matrix.dir/home/pedro/Downloads/BitDogLab-C/pico-sdk/src/rp2_common/pico_async_context/async_context_base.c.o
                0x10008250                async_context_base_add_when_pending_worker
 .text.async_context_base_remove_when_pending_worker
                0x10008274       0x28 CMakeFiles/microphone_matrix.dir/home/pedro/Downloads/BitDogLab-C/pico-sdk/src/rp2_common/pico_async_context/async_context_base.c.o
                0x10008274                async_context_base_remove_when_pending_worker
 .text.async_context_base_execute_once
                0x1000829c      0x108 CMakeFiles/microphone_matrix.dir/home/pedro/Downloads/BitDogLab-C/pico-sdk/src/rp2_common/pico_async_context/async_context_base.c.o
                0x1000829c                async_context_base_execute_once
 .text.splitmix64
                0x100083a4       0x58 CMakeFiles/microphone_matrix.dir/home/pedro/Downloads/BitDogLab-C/pico-sdk/src/rp2_common/pico_rand/rand.c.o
 .text.xoroshiro128ss
                0x100083fc       0x90 CMakeFiles/microphone_matrix.dir/home/pedro/Downloads/BitDogLab-C/pico-sdk/src/rp2_common/pico_rand/rand.c.o
 .text.get_rand_64
                0x1000848c      0x4a4 CMakeFiles/microphone_matrix.dir/home/pedro/Downloads/BitDogLab-C/pico-sdk/src/rp2_common/pico_rand/rand.c.o
                0x1000848c                get_rand_64
 .text.get_rand_32
                0x10008930        0x8 CMakeFiles/microphone_matrix.dir/home/pedro/Downloads/BitDogLab-C/pico-sdk/src/rp2_common/pico_rand/rand.c.o
                0x10008930                get_rand_32
 .text.lwip_init
                0x10008938       0x24 CMakeFiles/microphone_matrix.dir/home/pedro/Downloads/BitDogLab-C/pico-sdk/lib/lwip/src/core/init.c.o
                0x10008938                lwip_init
 .text.lwip_htons
                0x1000895c        0x8 CMakeFiles/microphone_matrix.dir/home/pedro/Downloads/BitDogLab-C/pico-sdk/lib/lwip/src/core/def.c.o
                0x1000895c                lwip_htons
 .text.lwip_htonl
                0x10008964        0x4 CMakeFiles/microphone_matrix.dir/home/pedro/Downloads/BitDogLab-C/pico-sdk/lib/lwip/src/core/def.c.o
                0x10008964                lwip_htonl
 .text.dns_call_found
                0x10008968      0x184 CMakeFiles/microphone_matrix.dir/home/pedro/Downloads/BitDogLab-C/pico-sdk/lib/lwip/src/core/dns.c.o
 .text.dns_send.isra.0
                0x10008aec      0x174 CMakeFiles/microphone_matrix.dir/home/pedro/Downloads/BitDogLab-C/pico-sdk/lib/lwip/src/core/dns.c.o
 .text.dns_init
                0x10008c60        0x4 CMakeFiles/microphone_matrix.dir/home/pedro/Downloads/BitDogLab-C/pico-sdk/lib/lwip/src/core/dns.c.o
                0x10008c60                dns_init
 .text.dns_setserver
                0x10008c64       0x24 CMakeFiles/microphone_matrix.dir/home/pedro/Downloads/BitDogLab-C/pico-sdk/lib/lwip/src/core/dns.c.o
                0x10008c64                dns_setserver
 .text.dns_tmr  0x10008c88      0x140 CMakeFiles/microphone_matrix.dir/home/pedro/Downloads/BitDogLab-C/pico-sdk/lib/lwip/src/core/dns.c.o
                0x10008c88                dns_tmr
 .text.lwip_standard_chksum
                0x10008dc8       0xdc CMakeFiles/microphone_matrix.dir/home/pedro/Downloads/BitDogLab-C/pico-sdk/lib/lwip/src/core/inet_chksum.c.o
                0x10008dc8                lwip_standard_chksum
 .text.inet_chksum_pseudo
                0x10008ea4       0xbc CMakeFiles/microphone_matrix.dir/home/pedro/Downloads/BitDogLab-C/pico-sdk/lib/lwip/src/core/inet_chksum.c.o
                0x10008ea4                inet_chksum_pseudo
 .text.ip_chksum_pseudo
                0x10008f60       0x10 CMakeFiles/microphone_matrix.dir/home/pedro/Downloads/BitDogLab-C/pico-sdk/lib/lwip/src/core/inet_chksum.c.o
                0x10008f60                ip_chksum_pseudo
 .text.inet_chksum
                0x10008f70        0xc CMakeFiles/microphone_matrix.dir/home/pedro/Downloads/BitDogLab-C/pico-sdk/lib/lwip/src/core/inet_chksum.c.o
                0x10008f70                inet_chksum
 .text.inet_chksum_pbuf
                0x10008f7c       0x78 CMakeFiles/microphone_matrix.dir/home/pedro/Downloads/BitDogLab-C/pico-sdk/lib/lwip/src/core/inet_chksum.c.o
                0x10008f7c                inet_chksum_pbuf
 .text.mem_init
                0x10008ff4       0x3c CMakeFiles/microphone_matrix.dir/home/pedro/Downloads/BitDogLab-C/pico-sdk/lib/lwip/src/core/mem.c.o
                0x10008ff4                mem_init
 .text.mem_free
                0x10009030      0x130 CMakeFiles/microphone_matrix.dir/home/pedro/Downloads/BitDogLab-C/pico-sdk/lib/lwip/src/core/mem.c.o
                0x10009030                mem_free
 .text.mem_trim
                0x10009160      0x104 CMakeFiles/microphone_matrix.dir/home/pedro/Downloads/BitDogLab-C/pico-sdk/lib/lwip/src/core/mem.c.o
                0x10009160                mem_trim
 .text.mem_malloc
                0x10009264      0x124 CMakeFiles/microphone_matrix.dir/home/pedro/Downloads/BitDogLab-C/pico-sdk/lib/lwip/src/core/mem.c.o
                0x10009264                mem_malloc
 .text.memp_init
                0x10009388       0x6c CMakeFiles/microphone_matrix.dir/home/pedro/Downloads/BitDogLab-C/pico-sdk/lib/lwip/src/core/memp.c.o
                0x10009388                memp_init
 .text.memp_malloc
                0x100093f4       0x40 CMakeFiles/microphone_matrix.dir/home/pedro/Downloads/BitDogLab-C/pico-sdk/lib/lwip/src/core/memp.c.o
                0x100093f4                memp_malloc
 .text.memp_free
                0x10009434       0x38 CMakeFiles/microphone_matrix.dir/home/pedro/Downloads/BitDogLab-C/pico-sdk/lib/lwip/src/core/memp.c.o
                0x10009434                memp_free
 .text.netif_null_output_ip4
                0x1000946c        0x8 CMakeFiles/microphone_matrix.dir/home/pedro/Downloads/BitDogLab-C/pico-sdk/lib/lwip/src/core/netif.c.o
 .text.netif_do_set_ipaddr.isra.0
                0x10009474       0x60 CMakeFiles/microphone_matrix.dir/home/pedro/Downloads/BitDogLab-C/pico-sdk/lib/lwip/src/core/netif.c.o
 .text.netif_init
                0x100094d4        0x4 CMakeFiles/microphone_matrix.dir/home/pedro/Downloads/BitDogLab-C/pico-sdk/lib/lwip/src/core/netif.c.o
                0x100094d4                netif_init
 .text.netif_add
                0x100094d8      0x16c CMakeFiles/microphone_matrix.dir/home/pedro/Downloads/BitDogLab-C/pico-sdk/lib/lwip/src/core/netif.c.o
                0x100094d8                netif_add
 .text.netif_set_addr
                0x10009644       0xb4 CMakeFiles/microphone_matrix.dir/home/pedro/Downloads/BitDogLab-C/pico-sdk/lib/lwip/src/core/netif.c.o
                0x10009644                netif_set_addr
 .text.netif_remove
                0x100096f8       0x94 CMakeFiles/microphone_matrix.dir/home/pedro/Downloads/BitDogLab-C/pico-sdk/lib/lwip/src/core/netif.c.o
                0x100096f8                netif_remove
 .text.netif_set_default
                0x1000978c        0xc CMakeFiles/microphone_matrix.dir/home/pedro/Downloads/BitDogLab-C/pico-sdk/lib/lwip/src/core/netif.c.o
                0x1000978c                netif_set_default
 .text.netif_set_up
                0x10009798       0x40 CMakeFiles/microphone_matrix.dir/home/pedro/Downloads/BitDogLab-C/pico-sdk/lib/lwip/src/core/netif.c.o
                0x10009798                netif_set_up
 .text.netif_set_link_up
                0x100097d8       0x44 CMakeFiles/microphone_matrix.dir/home/pedro/Downloads/BitDogLab-C/pico-sdk/lib/lwip/src/core/netif.c.o
                0x100097d8                netif_set_link_up
 .text.netif_set_link_down
                0x1000981c       0x20 CMakeFiles/microphone_matrix.dir/home/pedro/Downloads/BitDogLab-C/pico-sdk/lib/lwip/src/core/netif.c.o
                0x1000981c                netif_set_link_down
 .text.netif_get_by_index
                0x1000983c       0x2c CMakeFiles/microphone_matrix.dir/home/pedro/Downloads/BitDogLab-C/pico-sdk/lib/lwip/src/core/netif.c.o
                0x1000983c                netif_get_by_index
 .text.pbuf_free.part.0
                0x10009868       0x7c CMakeFiles/microphone_matrix.dir/home/pedro/Downloads/BitDogLab-C/pico-sdk/lib/lwip/src/core/pbuf.c.o
 .text.pbuf_free_ooseq
                0x100098e4       0x34 CMakeFiles/microphone_matrix.dir/home/pedro/Downloads/BitDogLab-C/pico-sdk/lib/lwip/src/core/pbuf.c.o
                0x100098e4                pbuf_free_ooseq
 .text.pbuf_alloc
                0x10009918      0x134 CMakeFiles/microphone_matrix.dir/home/pedro/Downloads/BitDogLab-C/pico-sdk/lib/lwip/src/core/pbuf.c.o
                0x10009918                pbuf_alloc
 .text.pbuf_realloc
                0x10009a4c       0x84 CMakeFiles/microphone_matrix.dir/home/pedro/Downloads/BitDogLab-C/pico-sdk/lib/lwip/src/core/pbuf.c.o
                0x10009a4c                pbuf_realloc
 .text.pbuf_add_header
                0x10009ad0       0x50 CMakeFiles/microphone_matrix.dir/home/pedro/Downloads/BitDogLab-C/pico-sdk/lib/lwip/src/core/pbuf.c.o
                0x10009ad0                pbuf_add_header
 .text.pbuf_remove_header
                0x10009b20       0x3c CMakeFiles/microphone_matrix.dir/home/pedro/Downloads/BitDogLab-C/pico-sdk/lib/lwip/src/core/pbuf.c.o
                0x10009b20                pbuf_remove_header
 .text.pbuf_header_force
                0x10009b5c       0x68 CMakeFiles/microphone_matrix.dir/home/pedro/Downloads/BitDogLab-C/pico-sdk/lib/lwip/src/core/pbuf.c.o
                0x10009b5c                pbuf_header_force
 .text.pbuf_free
                0x10009bc4       0x18 CMakeFiles/microphone_matrix.dir/home/pedro/Downloads/BitDogLab-C/pico-sdk/lib/lwip/src/core/pbuf.c.o
                0x10009bc4                pbuf_free
 .text.pbuf_clen
                0x10009bdc       0x14 CMakeFiles/microphone_matrix.dir/home/pedro/Downloads/BitDogLab-C/pico-sdk/lib/lwip/src/core/pbuf.c.o
                0x10009bdc                pbuf_clen
 .text.pbuf_ref
                0x10009bf0       0x28 CMakeFiles/microphone_matrix.dir/home/pedro/Downloads/BitDogLab-C/pico-sdk/lib/lwip/src/core/pbuf.c.o
                0x10009bf0                pbuf_ref
 .text.pbuf_cat
                0x10009c18       0x44 CMakeFiles/microphone_matrix.dir/home/pedro/Downloads/BitDogLab-C/pico-sdk/lib/lwip/src/core/pbuf.c.o
                0x10009c18                pbuf_cat
 .text.pbuf_chain
                0x10009c5c       0x64 CMakeFiles/microphone_matrix.dir/home/pedro/Downloads/BitDogLab-C/pico-sdk/lib/lwip/src/core/pbuf.c.o
                0x10009c5c                pbuf_chain
 .text.pbuf_copy_partial_pbuf
                0x10009cc0      0x148 CMakeFiles/microphone_matrix.dir/home/pedro/Downloads/BitDogLab-C/pico-sdk/lib/lwip/src/core/pbuf.c.o
                0x10009cc0                pbuf_copy_partial_pbuf
 .text.pbuf_copy
                0x10009e08       0x18 CMakeFiles/microphone_matrix.dir/home/pedro/Downloads/BitDogLab-C/pico-sdk/lib/lwip/src/core/pbuf.c.o
                0x10009e08                pbuf_copy
 .text.pbuf_copy_partial
                0x10009e20       0x68 CMakeFiles/microphone_matrix.dir/home/pedro/Downloads/BitDogLab-C/pico-sdk/lib/lwip/src/core/pbuf.c.o
                0x10009e20                pbuf_copy_partial
 .text.pbuf_take
                0x10009e88       0x78 CMakeFiles/microphone_matrix.dir/home/pedro/Downloads/BitDogLab-C/pico-sdk/lib/lwip/src/core/pbuf.c.o
                0x10009e88                pbuf_take
 .text.pbuf_take_at
                0x10009f00       0xcc CMakeFiles/microphone_matrix.dir/home/pedro/Downloads/BitDogLab-C/pico-sdk/lib/lwip/src/core/pbuf.c.o
                0x10009f00                pbuf_take_at
 .text.pbuf_clone
                0x10009fcc       0x30 CMakeFiles/microphone_matrix.dir/home/pedro/Downloads/BitDogLab-C/pico-sdk/lib/lwip/src/core/pbuf.c.o
                0x10009fcc                pbuf_clone
 .text.pbuf_put_at
                0x10009ffc       0x1c CMakeFiles/microphone_matrix.dir/home/pedro/Downloads/BitDogLab-C/pico-sdk/lib/lwip/src/core/pbuf.c.o
                0x10009ffc                pbuf_put_at
 .text.raw_input
                0x1000a018      0x164 CMakeFiles/microphone_matrix.dir/home/pedro/Downloads/BitDogLab-C/pico-sdk/lib/lwip/src/core/raw.c.o
                0x1000a018                raw_input
 .text.raw_netif_ip_addr_changed
                0x1000a17c       0x40 CMakeFiles/microphone_matrix.dir/home/pedro/Downloads/BitDogLab-C/pico-sdk/lib/lwip/src/core/raw.c.o
                0x1000a17c                raw_netif_ip_addr_changed
 .text.stats_init
                0x1000a1bc        0x4 CMakeFiles/microphone_matrix.dir/home/pedro/Downloads/BitDogLab-C/pico-sdk/lib/lwip/src/core/stats.c.o
                0x1000a1bc                stats_init
 .text.tcp_close_shutdown_fin
                0x1000a1c0       0x54 CMakeFiles/microphone_matrix.dir/home/pedro/Downloads/BitDogLab-C/pico-sdk/lib/lwip/src/core/tcp.c.o
 .text.tcp_pcb_purge.part.0
                0x1000a214       0xc4 CMakeFiles/microphone_matrix.dir/home/pedro/Downloads/BitDogLab-C/pico-sdk/lib/lwip/src/core/tcp.c.o
 .text.tcp_init
                0x1000a2d8       0x20 CMakeFiles/microphone_matrix.dir/home/pedro/Downloads/BitDogLab-C/pico-sdk/lib/lwip/src/core/tcp.c.o
                0x1000a2d8                tcp_init
 .text.tcp_free
                0x1000a2f8       0x1c CMakeFiles/microphone_matrix.dir/home/pedro/Downloads/BitDogLab-C/pico-sdk/lib/lwip/src/core/tcp.c.o
                0x1000a2f8                tcp_free
 .text.tcp_update_rcv_ann_wnd
                0x1000a314       0x58 CMakeFiles/microphone_matrix.dir/home/pedro/Downloads/BitDogLab-C/pico-sdk/lib/lwip/src/core/tcp.c.o
                0x1000a314                tcp_update_rcv_ann_wnd
 .text.tcp_recved
                0x1000a36c       0x98 CMakeFiles/microphone_matrix.dir/home/pedro/Downloads/BitDogLab-C/pico-sdk/lib/lwip/src/core/tcp.c.o
                0x1000a36c                tcp_recved
 .text.tcp_connect
                0x1000a404      0x1bc CMakeFiles/microphone_matrix.dir/home/pedro/Downloads/BitDogLab-C/pico-sdk/lib/lwip/src/core/tcp.c.o
                0x1000a404                tcp_connect
 .text.tcp_slowtmr
                0x1000a5c0      0x524 CMakeFiles/microphone_matrix.dir/home/pedro/Downloads/BitDogLab-C/pico-sdk/lib/lwip/src/core/tcp.c.o
                0x1000a5c0                tcp_slowtmr
 .text.tcp_segs_free
                0x1000aae4       0x38 CMakeFiles/microphone_matrix.dir/home/pedro/Downloads/BitDogLab-C/pico-sdk/lib/lwip/src/core/tcp.c.o
                0x1000aae4                tcp_segs_free
 .text.tcp_seg_free
                0x1000ab1c       0x1c CMakeFiles/microphone_matrix.dir/home/pedro/Downloads/BitDogLab-C/pico-sdk/lib/lwip/src/core/tcp.c.o
                0x1000ab1c                tcp_seg_free
 .text.tcp_seg_copy
                0x1000ab38       0x2c CMakeFiles/microphone_matrix.dir/home/pedro/Downloads/BitDogLab-C/pico-sdk/lib/lwip/src/core/tcp.c.o
                0x1000ab38                tcp_seg_copy
 .text.tcp_pcb_purge
                0x1000ab64       0x18 CMakeFiles/microphone_matrix.dir/home/pedro/Downloads/BitDogLab-C/pico-sdk/lib/lwip/src/core/tcp.c.o
                0x1000ab64                tcp_pcb_purge
 .text.tcp_pcb_remove
                0x1000ab7c       0xc8 CMakeFiles/microphone_matrix.dir/home/pedro/Downloads/BitDogLab-C/pico-sdk/lib/lwip/src/core/tcp.c.o
                0x1000ab7c                tcp_pcb_remove
 .text.tcp_abandon
                0x1000ac44      0x1a0 CMakeFiles/microphone_matrix.dir/home/pedro/Downloads/BitDogLab-C/pico-sdk/lib/lwip/src/core/tcp.c.o
                0x1000ac44                tcp_abandon
 .text.tcp_abort
                0x1000ade4        0xc CMakeFiles/microphone_matrix.dir/home/pedro/Downloads/BitDogLab-C/pico-sdk/lib/lwip/src/core/tcp.c.o
                0x1000ade4                tcp_abort
 .text.tcp_alloc
                0x1000adf0      0x1d4 CMakeFiles/microphone_matrix.dir/home/pedro/Downloads/BitDogLab-C/pico-sdk/lib/lwip/src/core/tcp.c.o
                0x1000adf0                tcp_alloc
 .text.tcp_new  0x1000afc4        0xc CMakeFiles/microphone_matrix.dir/home/pedro/Downloads/BitDogLab-C/pico-sdk/lib/lwip/src/core/tcp.c.o
                0x1000afc4                tcp_new
 .text.tcp_close_shutdown
                0x1000afd0      0x188 CMakeFiles/microphone_matrix.dir/home/pedro/Downloads/BitDogLab-C/pico-sdk/lib/lwip/src/core/tcp.c.o
 .text.tcp_recv_null
                0x1000b158       0xcc CMakeFiles/microphone_matrix.dir/home/pedro/Downloads/BitDogLab-C/pico-sdk/lib/lwip/src/core/tcp.c.o
                0x1000b158                tcp_recv_null
 .text.tcp_process_refused_data
                0x1000b224       0x78 CMakeFiles/microphone_matrix.dir/home/pedro/Downloads/BitDogLab-C/pico-sdk/lib/lwip/src/core/tcp.c.o
                0x1000b224                tcp_process_refused_data
 .text.tcp_fasttmr
                0x1000b29c       0x98 CMakeFiles/microphone_matrix.dir/home/pedro/Downloads/BitDogLab-C/pico-sdk/lib/lwip/src/core/tcp.c.o
                0x1000b29c                tcp_fasttmr
 .text.tcp_tmr  0x1000b334       0x20 CMakeFiles/microphone_matrix.dir/home/pedro/Downloads/BitDogLab-C/pico-sdk/lib/lwip/src/core/tcp.c.o
                0x1000b334                tcp_tmr
 .text.tcp_close
                0x1000b354      0x170 CMakeFiles/microphone_matrix.dir/home/pedro/Downloads/BitDogLab-C/pico-sdk/lib/lwip/src/core/tcp.c.o
                0x1000b354                tcp_close
 .text.tcp_next_iss
                0x1000b4c4       0x28 CMakeFiles/microphone_matrix.dir/home/pedro/Downloads/BitDogLab-C/pico-sdk/lib/lwip/src/core/tcp.c.o
                0x1000b4c4                tcp_next_iss
 .text.tcp_eff_send_mss_netif
                0x1000b4ec       0x34 CMakeFiles/microphone_matrix.dir/home/pedro/Downloads/BitDogLab-C/pico-sdk/lib/lwip/src/core/tcp.c.o
                0x1000b4ec                tcp_eff_send_mss_netif
 .text.tcp_netif_ip_addr_changed
                0x1000b520       0x94 CMakeFiles/microphone_matrix.dir/home/pedro/Downloads/BitDogLab-C/pico-sdk/lib/lwip/src/core/tcp.c.o
                0x1000b520                tcp_netif_ip_addr_changed
 .text.tcp_free_ooseq
                0x1000b5b4       0x40 CMakeFiles/microphone_matrix.dir/home/pedro/Downloads/BitDogLab-C/pico-sdk/lib/lwip/src/core/tcp.c.o
                0x1000b5b4                tcp_free_ooseq
 .text.tcp_parseopt
                0x1000b5f4      0x1bc CMakeFiles/microphone_matrix.dir/home/pedro/Downloads/BitDogLab-C/pico-sdk/lib/lwip/src/core/tcp_in.c.o
 .text.tcp_oos_insert_segment
                0x1000b7b0       0xdc CMakeFiles/microphone_matrix.dir/home/pedro/Downloads/BitDogLab-C/pico-sdk/lib/lwip/src/core/tcp_in.c.o
 .text.tcp_free_acked_segments.isra.0
                0x1000b88c       0xdc CMakeFiles/microphone_matrix.dir/home/pedro/Downloads/BitDogLab-C/pico-sdk/lib/lwip/src/core/tcp_in.c.o
 .text.tcp_receive
                0x1000b968      0xa00 CMakeFiles/microphone_matrix.dir/home/pedro/Downloads/BitDogLab-C/pico-sdk/lib/lwip/src/core/tcp_in.c.o
 .text.tcp_input
                0x1000c368      0xe54 CMakeFiles/microphone_matrix.dir/home/pedro/Downloads/BitDogLab-C/pico-sdk/lib/lwip/src/core/tcp_in.c.o
                0x1000c368                tcp_input
 .text.tcp_trigger_input_pcb_close
                0x1000d1bc       0x10 CMakeFiles/microphone_matrix.dir/home/pedro/Downloads/BitDogLab-C/pico-sdk/lib/lwip/src/core/tcp_in.c.o
                0x1000d1bc                tcp_trigger_input_pcb_close
 .text.tcp_create_segment
                0x1000d1cc       0xf8 CMakeFiles/microphone_matrix.dir/home/pedro/Downloads/BitDogLab-C/pico-sdk/lib/lwip/src/core/tcp_out.c.o
 .text.tcp_output_control_segment
                0x1000d2c4       0xc0 CMakeFiles/microphone_matrix.dir/home/pedro/Downloads/BitDogLab-C/pico-sdk/lib/lwip/src/core/tcp_out.c.o
 .text.tcp_output_alloc_header.constprop.0
                0x1000d384       0xc8 CMakeFiles/microphone_matrix.dir/home/pedro/Downloads/BitDogLab-C/pico-sdk/lib/lwip/src/core/tcp_out.c.o
 .text.tcp_write
                0x1000d44c      0x468 CMakeFiles/microphone_matrix.dir/home/pedro/Downloads/BitDogLab-C/pico-sdk/lib/lwip/src/core/tcp_out.c.o
                0x1000d44c                tcp_write
 .text.tcp_split_unsent_seg
                0x1000d8b4      0x1b4 CMakeFiles/microphone_matrix.dir/home/pedro/Downloads/BitDogLab-C/pico-sdk/lib/lwip/src/core/tcp_out.c.o
                0x1000d8b4                tcp_split_unsent_seg
 .text.tcp_send_fin
                0x1000da68      0x118 CMakeFiles/microphone_matrix.dir/home/pedro/Downloads/BitDogLab-C/pico-sdk/lib/lwip/src/core/tcp_out.c.o
                0x1000da68                tcp_send_fin
 .text.tcp_enqueue_flags
                0x1000db80      0x108 CMakeFiles/microphone_matrix.dir/home/pedro/Downloads/BitDogLab-C/pico-sdk/lib/lwip/src/core/tcp_out.c.o
                0x1000db80                tcp_enqueue_flags
 .text.tcp_rexmit_rto_prepare
                0x1000dc88       0x9c CMakeFiles/microphone_matrix.dir/home/pedro/Downloads/BitDogLab-C/pico-sdk/lib/lwip/src/core/tcp_out.c.o
                0x1000dc88                tcp_rexmit_rto_prepare
 .text.tcp_rexmit
                0x1000dd24       0x9c CMakeFiles/microphone_matrix.dir/home/pedro/Downloads/BitDogLab-C/pico-sdk/lib/lwip/src/core/tcp_out.c.o
                0x1000dd24                tcp_rexmit
 .text.tcp_rexmit_fast
                0x1000ddc0       0x64 CMakeFiles/microphone_matrix.dir/home/pedro/Downloads/BitDogLab-C/pico-sdk/lib/lwip/src/core/tcp_out.c.o
                0x1000ddc0                tcp_rexmit_fast
 .text.tcp_rst  0x1000de24       0xe8 CMakeFiles/microphone_matrix.dir/home/pedro/Downloads/BitDogLab-C/pico-sdk/lib/lwip/src/core/tcp_out.c.o
                0x1000de24                tcp_rst
 .text.tcp_rst_netif
                0x1000df0c      0x130 CMakeFiles/microphone_matrix.dir/home/pedro/Downloads/BitDogLab-C/pico-sdk/lib/lwip/src/core/tcp_out.c.o
                0x1000df0c                tcp_rst_netif
 .text.tcp_send_empty_ack
                0x1000e03c       0x4c CMakeFiles/microphone_matrix.dir/home/pedro/Downloads/BitDogLab-C/pico-sdk/lib/lwip/src/core/tcp_out.c.o
                0x1000e03c                tcp_send_empty_ack
 .text.tcp_output
                0x1000e088      0x454 CMakeFiles/microphone_matrix.dir/home/pedro/Downloads/BitDogLab-C/pico-sdk/lib/lwip/src/core/tcp_out.c.o
                0x1000e088                tcp_output
 .text.tcp_rexmit_rto_commit
                0x1000e4dc       0x24 CMakeFiles/microphone_matrix.dir/home/pedro/Downloads/BitDogLab-C/pico-sdk/lib/lwip/src/core/tcp_out.c.o
                0x1000e4dc                tcp_rexmit_rto_commit
 .text.tcp_rexmit_rto
                0x1000e500       0xa4 CMakeFiles/microphone_matrix.dir/home/pedro/Downloads/BitDogLab-C/pico-sdk/lib/lwip/src/core/tcp_out.c.o
                0x1000e500                tcp_rexmit_rto
 .text.tcp_keepalive
                0x1000e5a4       0xdc CMakeFiles/microphone_matrix.dir/home/pedro/Downloads/BitDogLab-C/pico-sdk/lib/lwip/src/core/tcp_out.c.o
                0x1000e5a4                tcp_keepalive
 .text.tcp_zero_window_probe
                0x1000e680      0x110 CMakeFiles/microphone_matrix.dir/home/pedro/Downloads/BitDogLab-C/pico-sdk/lib/lwip/src/core/tcp_out.c.o
                0x1000e680                tcp_zero_window_probe
 .text.tcpip_tcp_timer
                0x1000e790       0x78 CMakeFiles/microphone_matrix.dir/home/pedro/Downloads/BitDogLab-C/pico-sdk/lib/lwip/src/core/timeouts.c.o
 .text.lwip_cyclic_timer
                0x1000e808       0x98 CMakeFiles/microphone_matrix.dir/home/pedro/Downloads/BitDogLab-C/pico-sdk/lib/lwip/src/core/timeouts.c.o
 .text.tcp_timer_needed
                0x1000e8a0       0x7c CMakeFiles/microphone_matrix.dir/home/pedro/Downloads/BitDogLab-C/pico-sdk/lib/lwip/src/core/timeouts.c.o